**FONTES:** ARQ, PUB. PARANÁ. Disponível em:
\<www.arquivopublico.pr.gov.br/”\>. Acesso em: 20/10/2010; CASA CIVIL DO
PARANÁ. Disponível em: \<www.casacivil.pr.gov.br/\>. Acesso em:
20/10/2010; GOV. RJ. Disponível em: \<www.governo.rj.gov.br\>. Acesso
em: 20/10/2010; Museus do Estado do Rio de Janeiro. Disponível em:
\<www.museusdoestado.rj.gov.br/\>. Acesso em: 20/10/2010.
