**FONTES:** CARNEIRO, D.; VARGAS, T. *História biográfica*; CASA CIVIL
PR. Disponível em:
\<www.casacivil.pr.gov.br/modules/conteudo/conteudo.php?conteudo=47\>.
Acesso em: 18/2/2009; Estante virtual. Disponível em:
\<www.estantevirtual.com.br/buscaporautor/David%20Carneiro%20e%20Tulio%20Vargas\>;
FAUSTO, B. *História*; GOULART, M. *Coronelismo*; LOVE, J.
*Regionalismo*; PESAVENTO, S. *História*; SENADO. Manuel de Alencar
Guimarães*.* Disponível em:
*\<*www.senado.gov.br/sf/senadores/senadores\_biografia.asp?codparl=2085&li=29&lcab=1912-1915&lf=29\>.
