**FONTES:** AMARAL, A. *Trilha*; BASTOS, S. *Roteiro*; *Biblioteca
genealógica brasileira* (v.8, 1942); BUENO, A. *Visões*; CASCUDO, L.
*História da República*; CASCUDO, L. *História do Rio Grande do Norte*;
CASCUDO, L. *Vida*; NONATO, R. *História*; ROSADO, V. *Pirapama*; SOUZA,
I. *República*;WANDERLEY, W. *Família.*
