**FONTES:** ABRANCHES, J. *Governos* (p.214); BULCÃO SOBRINHO, A.
*Histórico*; BULCÃO SOBRINHO, A. *Representantes* (p.55-86); *Diário
Oficial do Estado da Bahia* (p.481-493); *Imparcial* (20/12/1929).
Falecimentos; *Imparcial* (20/12/1929). Morreu no Rio um antigo político
e parlamentar baiano; SAMPAIO, C. *Partidos*; SANTOS, M. *Sinopse*
(p.141,153-156).
