**FONTES:** BOHERER, G. *Monarquia*; CÂM. MUN. SÃO BORJA. Disponível em:
\<www.camarasaoborja.com.br/index.php?pagina=noticia&id=673\>. Acesso em
13/7/2011; CARVALHO, M. *Organização*; DOMAS FILHO, J. *Silva*; Férias
Tur. Disponível em:
\<www.ferias.tur.br/informacoes/9282/jardinopolis-sp.html\>. Acesso em:
29/7/2011; JARDIM, A. *Memórias*; LEÃO, J. *Silva*; LEMOS, R.
*Alternativa* (v.3, p.401-444); LEMOS, R. *Implantação* (p.25-94).
