**FONTES:** CALDEIRA, J. *Mauá*; DIMAS FILHO, N. *Jornal*; *Encic.*
*Delta*; *Encic.* *Mirador*; INF. Antônio Calegari; INF. Fernando
Segismundo; INF. José Chamilete; *Jornal do Comércio.* Disponível em:
*\<*www.jornaldocommercio.com.br/\>. Acesso em: 20/11/2009; SANDRONI, C.
& SANDRONI, L. *Austregésilo*; SODRÉ, N. *História.*
