**FONTES:**ABRANCHES, J. *Governos*; CÂM. DEP. *Anais* (1959-29);
CARNEIRO, G. *História*; CARONE, E. *República nova*; CONSULT.
MAGALHÃES, B.; *Encic. Mirador*; FONTOURA, J. *Memórias*; *Grande encic.
Delta*; HIRSCHOWICZ, E. *Contemporâneos*; JARDIM, R. *Aventura*; *Jornal
do Comércio*, Rio (4/6/1967); LEVINE, R. *Vargas*; MORAIS, A. *Minas*;
NOGUEIRA FILHO, P. *Ideais*; *Personalidades*; PORTO, E. *Insurreição*;
REIS, A. *Bibliografia nac*.; *Rev. Brasiliense* (27); SILVA, H. *1935*;
SILVA, H. *1937*; SILVA, H. *1938*; SOUSA, J. *Índice*; SOUSA, J.
*Teatro*.
