**FONTES:** ABRANCHES, J. *Governos* (v.2); BARATA, C; BUENO; A.
*Dicionário* (v.1); CÂM DEP. *Anais* (1907, v.1); CÂM. DEP. *Deputados
brasileiros* (1826-1976); COL. BRAS. GENEAL. Disponível em:
\<www.cbg.org.br/arquivos\_genealogicos\>; CONS. MUN. DF. *Anais* (1897-
1928); *Diário Oficial da União* (19/7/1899, 6/12/1906, 30/5/1917,
5/11/1918); MAGALHÃES, M. *Formulando*, ROCHA, J. *Club.*
