**FONTES:***Almanaque Abril*; ASSEMB. NAC. CONST. 1934. *Anais*; CAFÉ
FILHO, J. *Do* s*indicato*; CÂM. DEP. *Deputados*; *Câm. Dep. seus
componentes*; CISNEIROS, A. *Parlamentares*; CONSULT. MAGALHÃES, B.;
*Diário de Notícias*, Rio (26/5/1937); GODINHO, V. *Constituintes*;
*Grande encic. Delta*; *Jornal do Brasil* (4/4/1974); NÉRI, S. *16*;
SENADO. *Relação*.
