**FONTES:** AZEVEDO, E. *Um palco*. Portaldo Colégio Estadual Dr.
Ubaldino do Amaral.Disponível em:
\<[www.snpubaldino.seed.pr.gov.br/](http://www.snpubaldino.seed.pr.gov.br/)\>.
Acesso em:8/10/2010; Portal do Museu Maçônico Paranaense.Disponível em:
\<[www.museumaconicoparanaense.com/](http://www.museumaconicoparanaense.com/)\>.
Acesso em:8/10/2010; Portal do Núcleo de MemóriaPolítica Carioca e
Fluminense. Disponível
em:\<[www.alerj.rj.gov.br/memoria/historia/prefdf/ubaldino\_amaral.html](http://www.alerj.rj.gov.br/memoria/historia/prefdf/ubaldino_amaral.html)\>.
Acesso em:8/10/2010; Portal do Planalto Nacional. Disponívelem:
\<[www.planalto.gov.br/](http://www.planalto.gov.br/)\>. Acesso em:
8/10/2010; Portaldo Senado Federal. Disponível em:
\<[www.senado.gov.br/](http://www.senado.gov.br/)\>. Acesso
em:8/10/2010; Portal do Supremo Tribunal Federal.Disponível em:
\<[www.stf.jus.br/](http://www.stf.jus.br/)\>. Acesso em: 8/10/2010.
