**FONTES:** CÂM. DEP. *Anais*; COUTINHO, A; SOUSA, J. G. *Enciclopédia*
(v.2); Fluminense (10/6/1924); *Jornal do Brasil* (10/6/1924, p.6);
LACOMBE, L. *Chefes*; PEIXOTO, D. *História*; *Revista do Instituto
Histórico e Geográfico Brasileiro*; TAVARES, L. *História*; VELHO
SOBRINHO, J. *Dicionário*.
