**FONTES:** ABRANCHES, J. *Governos* (p.214); BULCÃO SOBRINHO, A.
*Representantes* (p.55-86); *Cartas de Ontem*; (p.51); *Diário de
Notícias* (4/4/1928) Falecimentos; *Diário Oficial do Estado da Bahia*
(2004. p.481-493); *Imparcial* (4/4/1928) Faleceu o conselheiro Rocha
Leal; MELLO, A*. Cartilha*; RUI, A. *História*; SAMPAIO, C. *Partidos*;
SANTOS, M. *Sinopse* (p.141,153-156); *Tarde*, BA (16/3/1918) Estará por
horas o tenente?
