**FONTES:**ADDOR, C. *Insurreição* (p.80); *AECRJ*; *Circular coletiva*;
CAPELLA, L. *Malhas*; CASTRO, C. *Insubmissos*; FARIA, J. *Oficial*
(p.23-31); LEURENROTH, E. *Anarquismo*; *Na Barricada* (n.19, de
14/10/1915 e n.20, de 21/10/1915); *Serviço Militar Obrigatório*; *Voz
do Trabalhador* (n.4, 15/8/1908. n.39 e 40, de 1/10/1913. n.71, de
8/6/1915).
