**FONTES:** *Bahia* (1897). Câmara dos Deputados; BEVILAQUA, C.
*História*; BULCÃO SOBRINHO, A. *Representantes* (p 55-86); *Diário
Oficial do Estado da Bahia* (p.490/492); Escritoras baianas. Disponível
em: \<www.escritorasbaianas.ufba.br/leitao.bioetraj.html\>. Acesso em:
10/2/2009; SAMPAIO, C. *Partidos* (p.117/128).
