**FONTES:** ABRANCHES, J. *Governos*;ACAD. PARAIBANA DE LETRAS.
Disponível em: \<www.aplpb.com.br\>.Acesso em: 26/1/2011; AYÁLA, W.
*Dicionário*;CARVALHO, J. *D. Pedro II*; Dicionário das artesvisuais na
Paraíba. Disponível em:
\<www.artesvisuaisparaiba.com.br/histxix.php\>.Acesso em: 26/1/2011;
REIS JÚNIOR, J.*História*; SCHWARCZ, L. *Barbas*; VAINFAS,
R.*Dicionário.*
