**FONTES:** ABRANCHES, J. *Governos* (p*.*211 e 212); CASTRO, R.
*Fundadores*; *Democrata*, *O Imparcial, Diário da Bahia* (27, 29/ 1/
1926). Faleceu o deputado Virgílio de Lemos e Dr. Virgílio de Lemos;
*Diário Oficial do Estado da Bahia* (2004, p.490-491); *Tarde.* Salvador
(26, 27, 29/1/1926). Morreu hoje, pela manhã, o deputado Virgílio de
Lemos, A cerimônia do enterro do deputado Virgílio de Lemos e Ainda a
morte do deputado Virgílio de Lemos; *Revista do Instituo Histórico e
Geográfico Brasileiro* (263, 1964, p.67-69, 80-82); SANTOS, M. *Sinopse*
(p.19-21, 142, 143).
