**FONTES:** Anarcopédia. Disponível em:
\<[http://por.anarchopedia.org/Edgard\_Leuenroth](http://por.anarchopedia.org/Edgard_Leuenroth)\>.
Acesso em: 2/8/2009; DULLES, J. *Anarquistas*; JOMINI, R. *Educação*;
*Jornal do Estado*, SP (13/4/1933); KHOURY, Y. *Edgard*; PINHEIRO, P.;
HALL, M. *Classe*; PINHEIRO, P. *Estratégias*; REIS FILHO, D. *História*
(v.1); RODRIGUES, E. *Lembranças*; RODRIGUES, E. *Nacionalismo*; SILVA,
R. *Ideias*.
