**FONTES:** CABRAL, L. *Light*; DATAS LIGHT. Gerência do Centro Cultural
da Light (s.d, mimeo.); DIAS, R. *Panorama*; LAMARÃO, S. *Capital*;
LIGHT. *Histórico*;LOBO, E.; LEVY, M. *Estudos*; MCDOWALL, D. *Light*;
MENDES, D.; POLETI, I.; SOARES, L. *Formação*; SAES, A. *Conflitos*;
*SIRKIS, S. Energia*; TENDLER, J. *Electric*.
