**FONTES:** ADDOR, C. *Insurreição*;BATALHA, C. *Movimento*; BIONDI, L.
*Entre associações*;DUARTE, R. *Trajetória*; FELICI, I. *Italiens*;LEAL,
C. *Anarquismo*; LOPREATO, C. *Espírito*;LUIZZETTO, F. *Presença*;
MARAM, S. *Anarquistas*;PINHEIRO, P. *Classe* (v.1); PRADO, A.
*Libertários*;ROMANI, C. *Oreste*; TOLEDO, E. *Anarquismo*;TRENTO, A.
*Do outro lado.*
