**FONTES:** ASSEMB. LEGISL. RJ. *Inventário Analítico*. Disponível em:
\<www.alerj.rj.gov.br/center\_arq\_cons\_munic\_link5.htm\>; CÂM. DEP.
*Deputados brasileiros* (1826-1976); KAREPOVS, D. *Esquerda*;
NASCIMENTO, D. *Fundação*; REIS, J. *Rio de Janeiro*; SOC. MED. CIR. RJ.
Disponível em: \<www.smcrj.org.br/historico/index.asp\>; VELHO SOBRINHO,
J. F. *Dicionário*; SOUSA, J. *Índice.*
