**FONTES:** ARQ. PUB. PARANÁ. Disponível em:
\<www.arquivopublico.pr.gov.br/\>. Acesso em: 24/10/2010; CASA CIVIL DO
PARANÁ. Disponível em: \<www.casacivil.pr.gov.br/\>. Acesso em:
24/10/2010; GOV. PE. Disponível em: \<www2.pe.gov.br\>. Acesso em:
24/10/2010; PLANALTO. Disponível em: \<www.planalto.gov.br/\>. Acesso
em: 24/10/2010.
