**FONTES:** PIAZZA, W. *Dicionário*; STOETERAU, L. *Trajetória*;
Wikipédia. Lista de governadores. Disponível em:
\<http://pt.wikipedia.org/wiki/Anexo:Lista\_de\_governadores\_de\_Santa\_Catarina\>.
Acesso em: 11/5/2010; Wikipedia. Walter Piazza. Disponível em:
\<http://pt.wikipedia.org/wiki/Walter\_Piazza\>.
