**FONTES:** ARQ. PUB. PARANÁ. Disponível em:
\<www.arquivopublico.pr.gov.br/\>. Acesso em: 10/10/2010; CÂM. DEP.
*Deputados brasileiros* (p.50); CASA CIVIL DO PARANÁ. Disponível em:
\<www.casacivil.pr.gov.br/\>. Acesso em: 10/10/2010; NICOLAS, M. *Cem
anos* (p.22-23); PLANALTO. Disponível em: \<www.planalto.gov.br/\>.
Acesso em: 10/10/2010.
