**FONTES:**ABRANCHES, J. *Governos*; CÂM. DEP. *Anais* (1); CASCUDO, L.
*História*; CASCUDO, L. *História da Assembleia*; *Grande encic. Delta*;
GUIMARÃES, A. *Dicionário*; LEITE, A. *História*; LIRA, A. *Senado*;
Perfil; REIS JÚNIOR, P. *Presidentes*; Rev*. Inst.* *Hist. Geog. Bras*.
(10/12/1959); SILVA, R. *Bacharéis*; Who’s who in Latin.
