**FONTES:**ALEGRIA, L. *Assim*; BARBOSA, S. *Pequeno*; BITTENCOURT, L.
*Homens*; CARNEIRO, R. *Homenagem*; GUIMARÃES, L. *História*; INST.
HIST. GEO PARAIBANO. Memorial; LYRA, S. *Rosas*; NISKIER, A. *Sempre*;
*Revista do Instituto Histórico e Geográfico Brasileiro*; *Revista do
Instituto* *Histórico e Geográfico Brasileiro.* Sessão magna
comemorativa do 93^o^ aniversário; *Revista Brasileira de*
*Contabilidade* (n.30); SOUSA, E. *Meio*; SOUZA, I. *República*.
