**FONTES:**ALMEIDA, A. *Dicionário*; BEHAR, E. *Vultos*; CAVALHEIRO, E.
*Monteiro*; COELHO, J. *Dicionário*; CONG. BRAS. ESCRITORES. I;
*Efemérides paulistas*; *Encic. Barsa*; ENTREV. FREIRE, V.; *Grande
encic. Delta*; *Grandes personagens* (4); LEITE, A. *História*; *Novo
dic. de história*; OLIVEIRA, C. *Biografias*; REIS, A. *Bibliografia
bras*.; SOUSA, J. *Índice*; VÍTOR, M. *Batalha*; *Who’s who in Latin*.
