**FONTES:** CASA CIVIL PR. Disponível em:
\<www.casacivil.pr.gov.br/modules/conteudo/conteudo.php?conteudo=22\>.
Acesso em: 6/11/2008; LEITE NETO, L. *Catálogo biográfico* (v.1,
p.169/70/71); MONTEIRO, N. *Dicionário*; SENADO. Disponível em:
\<www.senado.gov.br/sf/senadores/senadores\_biografia.asp?codparl=1403&li=22&lcab=1891-1893&lf=22\>.
Acesso em: 5/11/2008.
