**FONTES:**AUTUORI, L. *Quarenta*; BRINCHES, V. *Dicionário*; CONSULT.
MAGALHÃES, B.; CORTÉS, C. *Homens*; COUTINHO, A. *Brasil*; *Encic.
Mirador*; FRANCO, A. *Estadista*; GUIMARÃES, A. *Dicionário*; MENESES,
R. *Dicionário*; MIN. REL. EXT. *Almanaque* (1942); MIN. REL. EXT.
*Anuário*; NEVES, F. *Academia*; *Quem é quem no Brasil.*
