**FONTES:**ABRANCHES, J. *Governos* (2); ALMEIDA, A. *Dicionário*;
ALMEIDA, A. *Vultos*; BELEZA, N. *Evolução*; CARNEIRO, G. *História*;
CONSULT. MAGALHÃES, B.; *Encic. Mirador*; FONTOURA, J. *Memórias*;
*Grande encic. Delta*; HIRSCHOWICZ, E. *Contemporâneos* (1945); *Jornal
do Comércio*, Rio (5/12/1943); LIMA, J. *Como*; MACEDO, R. *Efemérides*;
MELO, L. *Subsídios*; POLIANO, L. *Sociedade*.
