**FONTES:**ASSEMB. NAC. CONST. 1934. Anais; BITTENCOURT, A.
*Dicionário*; Ciência e Cultura (12/1976); Diário do Congresso Nacional;
*Folha de S.Paulo* (17/9/76); *Grande encic. Delta*; *Jornal do Brasil*
(20/12/1973, 17/9/1976); *Jornal do Comércio*, Rio (1/7/1933); MELO, L.
*Dicionário*; SILVA, H. *1934*; SILVA, H. *1937*; VELHO SOBRINHO, J.
*Dicionário*.
