**FONTES:** ABRANCHES, D. *Governos*; LEITE NETO, L. *Catálogo*; PAULI,
E. “Hercílio”. Disponível em:
\<http://cfh.ufsc.br/\~simpozio/Hercilio/953sc015.htm\>. Acesso em:
8/3/2012; [PIAZZA,
W](http://pt.wikipedia.org/wiki/Walter_Piazza "Walter Piazza").*Dicionário*;
STOETERAU, L. *A trajetória*. Disponível em:
\<www.sc.gov.br/conteudo/santacatarina/historia/paginas/governadores.html\>.
Acesso em: 4/9/2008.
