**FONTES:** ABRANCHES, J. *Governos* (v.1, p.136); CLUBE NAVAL.
Disponível em: \<www.clubenaval.com.br/\>. Acesso em: 15/3/2011;
Gene.All. Disponível em: \<www.geneall.net\>. Acesso em: 15/3/2011; MAR.
BRAS. Disponível em: \<https://www.mar.mil.br/\>. Acesso em: 15/3/2011;
PLANALTO. Disponível em: \<www.planalto.gov.br/\>. Acesso em: 15/3/2011.
