**FONTES:** ABRANCHES, J. *Governos*; BITTENCOURT, A. *Dicionário*; CASA
CIVIL GOV. AM. Disponível em: \<www.casacivil.am.gov.br/imp\_gov.php\>.
Acesso em: 17/3/2011; Firma Produções. Disponível em:
\<http://firmaproducoes.com/2003/01/28/eduardo-ribeiro-primeiro-negro-governador-de-estado-no-brasil\>.
Acesso em: 17/3/2011; LEITE NETO, L. *Catálogo biográfico* (v.3,
p.1991/2).
