**FONTES:** ABRANCHES, J. *Governos*; ASSEMB. NAC. CONST. 1934. *Anais*
(1); BLAKE, A. *Diccionário*; *Boletim Min. Trab*. (5/1936); CÂM. DEP.
*Deputados*; CÂM. DEP. *Relação nominal*; *Câm. Dep. seus componentes*;
CONSULT. RAMOS, P.; COUTO, S. *Vultos*; Diário do congresso nacional;
GODINHO, V. *Constituintes*; MONTEIRO, N. *Dicionário*; OLIVEIRA, M.
*História*; *Rev. Arq. Públ. Mineiro* (12/1976).
