**FONTES:** ANDRADE, P. *Vicente*; CARNEIRO, D.; VARGAS, T. *História*;
COL. BRAS. GENEAL. *Artigos genealógicos*. Disponível em:
\<www.cbg.org.br/arquivos\_genealogicos\_p\_05.html\>. Acesso em:
9/2/2009; Estante virtual. *Carneiro.* Disponível em:
\<www.estantevirtual.com.br/buscaporautor/David%20Carneiro%20e%20Tulio%20Vargas\>;LIMA,
V. *Mensagem* (1905,1907); LOVE, J. *Regionalismo*; SENADO. *Vicente
Machado*. Disponível em:
\<www.senado.gov.br/sf/senadores/senadores\_biografia.asp?codparl=1364&li=32&lcab=1921-1923&lf=32\>.
Acesso em: 9/2/2009; VIANNA, F. *Idealismo*.
