**FONTES:** CÂM. DEP. *Deputados brasileiros* (p.169); Censo-Guia de
Archivos de España e Iberoamerica. Disponível em:
\<http://censoarchivos.mcu.es/CensoGuia/fondoDetail.htm?id=562948\>.
Acesso em: 9/9/2010; INST. HIST. GEO. BRAS. Disponível em:
\<www.ihgb.org.br/\>. Acesso em: 9/9/2010; MONTEIRO, N. *Dicionário*
(v.2, p.392).
