**FONTES:** CÂM. DEP. *Deputados brasileiros* (p.189); INST. BENJAMIN
CONSTANT. Disponível em: \<www.ibc.gov.br/\>. Acesso em: 20/6/2010;
MUAZE, M. *Império* (p.169-188); MUS. MAÇONICO PARANAENSE. Disponível
em: \<www.museumaconicoparanaense.com/\>. Acesso em: 29/6/2010; NICOLAS,
M. *Cem anos* (p.21-22); SCHULZ, J. *Exército*.
