**FONTES:** ABRANCHES, J. *Governos*; ARQ. GETÚLIO VARGAS; ASSEMB. NAC.
CONST. 1934. *Anais* (1); Boletim Min. Trab.; CÂM. DEP. *Deputados*;
CONSULT. RAMOS, P.; *Cronologia* *da Assembleia*; Diário do Congresso
Nacional; GODINHO, V. *Constituintes*; HORTA, C. *Família*; *Ilustração
Brasileira* (7/9/1922); LEITE, A. *História*; MONTEIRO, N. *Dicionário*;
NABUCO, C. *Vida*; Rev. Arq. Públ: Mineiro (12/1976); SENADO. *Anais*
(28/4/1935); VELHO SOBRINHO, J. *Dicionário*.
