**FONTES:** CÂM. DEP. *Deputados brasileiros* (p.211); Dicionário
Histórico-Biográfico das Ciências da Saúde no Brasil (1832-1930);
NICOLAS, M. *Cem anos* (p.339); Sociedade de Medicina e Cirurgia do Rio
de Janeiro. Disponível em:
\<www.dichistoriasaude.coc.fiocruz.br/iah/P/verbetes/socmedcirj.htm\>.
Acesso em: 2/7/2010.
