**FONTES:**ABRANCHES, J. *Governos*;ABREU, A. *Relatório* (1891);
*Assentamentos* (Pasta I-19-57);CARVALHO, J. *Nação*; *Governo
presidencial*; LAEMMERT,E. *Almanak* (1852 (p.52), 1863 (p.274),
1864(p.280), 1870 (p.492 e Notabilidades), 1873(p.355); LAHMEYER, E.;
LEVY, M. *Estudos*;MAGALHÃES, B. *Visconde*; *Manifesto*; PIRES,
A.*Homens*; SINIMBU*,* J*. Relatório* (1877, 1878); SOUZA,A. *Relatório*
(1892).
