**FONTES:**BARROSO, G. *Coração*; CÂM.DEP. *Relação dos deputados*;
CASTRO, J. *Livro*;CAVALCANTI JÚNIOR, A. *Reminiscências*; COUTINHO,A.
*Brasil*; DANTAS, F. *Política*; FRANCO,A. *Escalada*; GALVÃO, F.
*Fechamento*; *Grande encic. Delta*; Ilustração brasileira; Interior;
LEITE,A. *História*; LIMA, J. Como; PALÁCIOS,G. *Plantadores*; PINTO, J.
*Testemunhos*; *Quem é quem no Brasil*; Rev. Econ. Política;
SCHWARTZMAN,S. *Intelectual*; VARGAS, G. *Política nacionalista*;VELHO
SOBRINHO, J. *Dicionário*.
