**FONTES:** ABRANCHES, J. *Governos*; CÂM. DEP. *Deputados brasileiros*;
COMISS. CONST. CENT. REP. PRIM. CONST. REP. *Relatório*; INEPAC.
*Inventário das fazendas do Vale do Paraíba Fluminense*. Disponível em:
\<www.institutocidadeviva.org.br/inventarios/sistema/wp-content/uploads/2008/05/3\_maravilha\_pg-105-a-113.pdf\>.
Acesso em: 11/1/2011.
