**FONTES:** CALIMAN, A. *Legislativo*; *Correio Paulistano* (30/7/1952);
*Folha da Manhã* (29/7/1952); FONSECA, A.; FONTES JUNIOR, A. *Câmara*;
OAB. Disponível em: \<www.oabrp.org.br/index.php\>; PREF. RIBEIRÃO
PRETO. Disponível em:
\<www.ribeiraopreto.sp.gov.br/scultura/arqpublico/monumentos/i14m-2-meirajunior.php\>;
Wikipédia. Disponível em:
\<http://pt.wikipedia.org/wiki/Senado\_do\_Congresso\_Legislativo\_do\_Estado\_de\_S%C3%A3o\_Paulo\>.
