**FONTES:** ANDRADE, E. *Vale*; ANDRELANDIA.Disponível em:
\<www.andrelandia.ney\>. Acesso em:16/4/2010; BARATA, C.; CUNHA, A.
*Dicionário* (v.1);Família Arantes. Disponível em:
\<www.familia.arantes.nom.br/index.phppg=origem\_da\_familia\>.Acesso
em: 16/4/2010; Genealogia da famíliaArantes. Disponível em:
\<www.jbcultura.com.br/gde\_fam/pafg131.htm\>.Acesso em: 16/4/2010;
GENEALL. António BelfortRibeiro Arantes. Disponível em:
\<www.geneall.net/P/fam\_names.php?id=3030\>.Acesso em: 16/4/2010;
PEREIRA, A. *Família.*
