**FONTES:** ARQ, HIST. *Senadores*. Disponível em:
\<www.arquivohistorico-mg.com.br/deputadosesenadores.html\>. Acesso em:
4/5/2010; CÂM. DEP. *Deputados brasileiros*; Wikipédia. *Bio.*
Disponível em:
\<http://pt.wikipedia.org/wiki/Corn%C3%A9lio\_Vaz\_de\_Melo\>. Acesso
em: 11/11/2010; \<http://pt.wikipedia.org/wiki/Carlos\_Vaz\_de\_Melo\>.
Acesso em: 25/6/2010; VEIGA, J. *Revista.*
