**FONTES:** BARBOSA, V. *Herculano*; COL. BRAS. GENEAL. Açúcar no
Brasil, personalidades XIV Herculano Bandeira de Melo. In: CARLI, Gileno
de. História de uma fotografia, Recife, 1985. Disponível em:
\<www.cbg.org.br/baixar/acucar\_no\_brasil\_14.pdf\>;GOV. PE. *Galeria
dos Governadores*. *Herculano Bandeira de Melo*. Disponível em:
\<www2.pe.gov.br/web/portalpe/governadores?id=386\>; SENADO. *Herculano
Bandeira de Mello*. Disponível em:
\<www.senado.gov.br/sf/senadores/senadores\_biografia.asp?codparl=1740&li=25&lcab=1900-1902&ll=25\>;
SILVA, J. *Herculano (*p.229-231).
