**FONTES:** *Revista do Instituto Histórico e Geográfico Brasileiro*
(263 p.58-59); Roots Web. Disponível em:
\<http://archiver.rootsweb.ancestry.com/th/read/Brazil/1999-11/0941878927\>.
Acesso em: 18/2/2009; Wikipédia. *Joaquim Cardoso Pereira de Melo*.
Disponível em: \<wikipedia.org/wiki/pt\>. Acesso em: 18/2/2009.
