**FONTES:** ARQ. MARIA STELLA DE NOVAIS (conservado no Arquivo Público
do Estado do Espírito Santo); *Cachoeirano* (1898); *Comércio do
Espírito Santo* (1896-1897); *Estado do Espírito Santo* (1890-1895);
SANTOS, A. *Republicano*; Scribd. Disponível em:
\<www.scribd.com/doc/28814483/Teses-Da-Faculdade-de-Medicina-Da-Bahia-1840-a-1928\>.
Acesso em: 7/2010.
