**FONTES:** ABRANCHES, J. *Governos*.(v.2); CÂM. DEP. *Deputados
brasileiros* (1826-1976, p.115); CÂM. DEP. Disponível em:
\<www2.camara.gov.br/\>. Acesso em: 12/12/2010; GOV. EST. RJ. Disponível
em: \<www.governo.rj.gov.br/\>. Acesso em: 11/12/2010; PLANALTO.
Disponível em: \<www.planalto.gov.br\>. Acesso em: 12/12/2010; PREF.
MUN. MACAÉ. Disponível em: \<www.macae.rj.gov.br/\>. Acesso em:
11/12/2010.
