**FONTES:** ARQ. NAC. *Relação* (2); *Boletim Min. Trab*. (5/1936);
BORGES, R. *Vultos*; CÂM. DEP. *Anais* (1960-1); CÂM. DEP. *Deputados*;
CÂM. DEP. *Relação dos dep*.; CÂM. DEP. *Relação nominal dos senhores*;
CISNEIROS, A. *Parlamentares*; *Correio do Povo* (30/12/1930); CORTÉS,
C. *Homens*; CRUZ, E. *História do Pará*; *Diário de Notícias*, Rio
(26/5/1937); Diário do congresso nacional; *Estado de S. Paulo*
(19/9/1976); FREIRE, G. *Ordem*; *Grande encic. Delta*;
*Personalidades*; ROQUE, C. *Grande*; SILVA, G. *Constituinte*.
