**FONTES:** BEVILAQUA, C. *História* (v.I); BLAKE, A. *Diccionário*
(v.2); BULCÃO SOBRINHO, A. *Representantes* (263, p.55-86); *Diário da
Bahia*. Perde a Bahia um dos seus filhos mais ilustres, Dr. Elpídio
Mesquita; O enterro do Dr. Elpídio Mesquita (30, 31/10/1926); *Diário
Oficial do Estado da Bahia* (1923, p.488); *Imparcial*. Faleceu no Rio o
Dr. Elpídio Mesquita (30/10/1926); MESQUITA, E. *Aspectos*; NOGUEIRA,
O.; FIRMO J. *Parlamentares*.
