**FONTES:** ABRANCHES, J. *Governos*; AMARAL, A. *Dicionário*; CALIMAN,
A. *Legislativo*; *Correio Paulistano* SP (16/3/1927); DUARTE, P. *Julio
Mesquita*; *Estado de S. Paulo* (16/3/1927); *Estado de S. Paulo.*
Suplemento do Centenário 1975; *Folha da Manhã* SP (16/3/1927); RIBEIRO,
J. *Chronologia*; SILVA, E.; EWIGKEIT, J. *Precursores*.
