**FONTES:** ABRANCHES, J. *Governos* (p.132); ALVES, M. *Intelectuais*
(p.102-103); *Diário Oficial* *do Estado da Bahia* (1923, p.486);
*Diário de Notícias* e *A Bahia* (27, 28/1/1904). Dr. Aristides Milton;
*Revista do Instituo Histórico e Geográfico Brasileiro* (n.68, 25-26,
n.263, p.55-60); SOUZA, A. *Baianos* (p.175 -176); *Tarde*. *Centenário*
(29/5/1948).
