**FONTES:** ABREU, A. *Dicionário* (p.3.811); BULCÃO SOBRINHO, A.
*Representantes* (263, p.55-86); CÂM. DEP. *Deputados Brasileiros*
(p.762); *Cartas de Ontem*; *Diário de Notícias* **(**11/1/1924)*.* É
uma injúria; *Diário Oficial do Estado da Bahia* (2004, p.481- 493);
FARIAS, C. *Linhas*; *Imparcial* (28/11, 1/12/1931)*.* Faleceu na
capital da República o ex-deputado Cordeiro de Miranda e Cordeiro de
Miranda; SAMPAIO, C. *Partidos*; *Tarde* (27/11, 1/12/1931). Faleceu no
Rio o ex-deputadoCordeiro de Miranda e Dr. Cordeiro de Miranda.
