**FONTES:** ABREU, A; BELOCH, I. *Dicionário*; *Diário de Notícias*
(6/12/1966; p.3). Sepultamento do ex-senador Pereira Moacir; *Diário
Oficial do Estado da Bahia* (p.491); LEITE NETO, L. *Catálogo
biográfico* (p.325-326); *Revista do Instituto Histórico e Geográfico
Brasileiro* (263, p.80); SENADO. Disponível em:
\<www.senado.gov.br/sf/senadores/senadores\_biografia.asp\>. Acesso em:
18/6/2009; SENADO. *Dados biográficos dos senadores baianos*; *Tarde*
(5/4/1980, 5/12/1966). Faleceu o ex-Senador Pereira Moacir, O centenário
de Pereira Moacir.
