**FONTES:** CÂM. DEP. *Intervenção*;DERENZI, L. *Caminhos*; FRAGA, C.
*Loja*; *Jornal Oficial* (1906-1907); MONJARDIM, L. *História*; SENADO.
*Dados biográficos dos senadores do Espírito Santo*; SENADO. Disponível
em:
\<www.senado.gov.br/senadores/senadores\_biografia.asp?codparl=2078&li=35&lcab=1930-1930&lf=35\>.
Acesso em: 8/2010.
