**FONTES:** CÂM. DEP. *Intervenção* (1917, 1923); Caso do Espírito
Santo: como nasceu; Caso do Espírito Santo: pela verdade; CHEQUER FILHO,
N. *Revolta*; MONTEIRO, Bernardino de Souza. Mensagem dirigida ao
Congresso Legislativo 13/9/1917, 16/10/1918, 12/10/1919); NOVAES, H.
*Memórias*; NOVAES, M. *Jerônimo*; SANTOS, A. *Republicano*.
