**FONTES:** CÂM. DEP. *Deputados brasileiros*; Potyguar. *Governadores
do Pará.* Disponível em:
\<http://potyguar.com.br/para/index\_arquivos/governadores.htm\>. Acesso
em: 26/3/2009; Projeto de imagem de publicações oficiais brasileiras do
Center for Research Libraries e Latin-american Microfilm Project.
*Mensagens dos Presidentes de Província (1830-1930).* Disponível em:
\<www.crl.edu/content.asp?l1=4&l2=18&l3=33\>. Acesso em: 8/1/2009.
