**FONTES:** BEVILAQUA, C. *História*; BULCÃO SOBRINHO, A.
*Representantes* (n.263, 55-86); *Diário Oficial do Estado da Bahia*
(p.102-105; 485 e 350); GIDI, A. *Anotações*; O Poder judiciário
brasileiro na Monarquia e na República, sua evolução na Bahia; SAMPAIO,
C. *Partidos* (p.61/62/68); Tribunal de Justiça da Bahia.
