**FONTES:** ABRANCHES, J. *Governos* (v.1, p.170-171); *Encyclopedia e
Diccionario Internacional*. (v.12, p.7.246); *Jornal do Brasil* RJ
(21/6/1914, p.9); *Jornal do Comércio*, RJ (21/6/1914, p.7); LAGO, L.
*Estado Maior* (p.43); LOPES, T.; TORRES, G. *Ministros* (p.166); MIN.
GUERRA. *Almanaque* (1909); 1^a^ REGIÃO MILITAR. *Galeria*. Disponível
em: \<www.1rm.eb.mil.br/index.php/galeria.html\>. Acesso em: 30/4/2011;
SUP. TRIB. MIL. *Ministros do STM (1808-2011)*. Disponível em:
\<www.stm.jus.br/institucional/ministros-desde-1808/minSTM1808\_2011.pdf\>.
Acesso em: 30/4/2011.
