**FONTES:** BELLO, J. *História da República*; CARONE, E. *República*;
CASALECCHI, J. *O Partido*; CASTRO, S. *A República*; DEBES, C. *O
Partido Republicano*; FRANCO, A. A. *Rodrigues Alves*; FREITAS, L. *O
Dr. Prudente*; LANG, A. *Adolpho Gordo*; LANG, A. *A Propaganda*; LANG,
A. “Prudente de Morais”; LOVE, J. *A locomotiva*; MOTA FILHO, C.
*Prudente de Moraes*; PEIXOTO, Silveira. *A tormenta*; SILVA, Hélio.
*1889*; VIANA, O. *O ocaso*;
www.senado.gov.br/sp/senadores\_biografias.asp.
