**FONTES:** CÂM. DEP. *Anais* (1921-1924); CÂM. MUN. PETRÓPOLIS.
*História da Câmara*. Disponível em:
\<www.cmp.rj.gov.br/historia.html\>. Acesso em: 21/1/2011; COHEN, I.
*Bomba*; *Globo* (29/7/1929, p.2); *Jornal do Brasil* (29/7/1929, p.12);
*Jornal do Comércio*, RJ (29/7/1929, p.4); LEITE NETO, L. *Catalogo*;
SENADO. *Anais* (1924-1926).
