**FONTES:** BUENO, C.; CERVO, A. *Política*; DUGGS, S. *Professor*;
GARCIA, E. *Brasil*; *New York Times.* Forgot to ask deputies
(16/9/1913). Disponível em:
\<http://query.nytimes.com/mem/archive-free/pdf?\_r=1&res=9807E2D8123FE633A25755C1A96F9C946296D6CF\>.
Acesso em: 11/11/2009; NOLAN, C. *Notable*; *Time Magazine.* The
Cabinet. (3/11/1930). Disponível em:
\<www.time.com/time/magazine/article/0,9171,882354,00.html\>. Acesso em:
11/11/2009.
