**FONTES:** ABRANCHES, J. *Governos* (v.2); AMARAL, A. *Dicionário*;
CALIMAN, A. *Legislativo*; *Correio Paulistano* (1/5/1916); FONSECA, A.;
FONTES JUNIOR, A. *Câmara*; FONSECA, S. *Do abandonado*; LEME, L.
*Genealogia*; LOIOLA, E.; SALLA, F. *Construção*; MOTTA, C*. Relatório*;
VAMPRÉ, S. *Memórias*.
