**FONTES:** BARBUDA, J. *Evolução* (p.86); BEVILÁQUA, C. *História*;
BLAKE, A. *Diccionário*; BULCÃO SOBRINHO, A. *Representantes* (263,
p.55-86); *Diário de Notícias* (9/1/1908). Dr. Marcolino Moura; *Diário
Oficial do Estado da Bahia* (2/6/1923. p.486-487); MEDRADO, J.
*Memórias* (p.79-81; 107-109).
