**FONTES:** ABRANCHES, J. *Governos* (v.2, p.387); ARAGÃO, A. *Bahia*
(p.596-695; CASTRO, R. *Fundadores* (p.37); *Inventário de Antonio Muniz
de Aragão* (Arquivo do Estado da Bahia, 28/4/2009); SAMPAIO, C.
*Partidos* (p.129-181); SENADO. Disponível em: \<www.senado.gov.br/\>.
Acesso em: 14/10/2005.
