**FONTES:** ABRANCHES, J. *Governos* (v.1, p.349); ACAD. BRAS. LET.
Disponível em: \<www.academia.org.br/\>. Acesso em: 18/1/2011; ARQ.
HIST. MUN. RESENDE. Disponível em:
\<http://arquivoresende.blogspot.com/2009/05/efemerides-de-maio.html\>.
Acesso em: 15/9/2011; CÂM. DEP. *Deputados brasileiros* (1826-1976);
Infopédia. Disponível em: \<www.infopedia.pt/\$luis-murat\>. Acesso em:
15/9/2011.
