**FONTES:** ABRANCHES, J. *Governo*s; BULHÕES, A. *Ministros*; CARDOSO,
F. *Dos governos*; CASTRO, A.; CASTGNINO, A. *Senado*; CORRÊA Filho, V.
*Joaquim*; FANAIA, J. *Elites*; FARIA, F. *Aparte*; FARIA, F. *Joaquim
Murtinho* (v.1); FARIA, F. *Os vícios*; FURTADO, C. *Formação*; LEITE
NETO, L. *Catálogo biográfico*; LUZ, N. *Joaquim* (p.21-66); MIN. FAZ.
*Ministros*; PÓVOAS, N. *Galeria*; PRADO JR., C. *História*;
SZMRECSÁNYI, T. *Origens* (p.5-22).
