**FONTES:** BATALHA, C. *Culturas*; CORDERY, S. *British*; GIBAUD, B.
*De la mutualité*; FONSECA, V. *No Gozo*; GOSDEN, P. *Self-help*; JESUS,
R. *Associativismo*; KUSCHNIR, B. *Baile*; LINDEN, M. *Social*; LUCA, T.
*Sonho*; PUTNAM, R. *Comunidade*; SILVA JR. A. *Sociedades*; *Sociedades
operárias*; SWAAN, A. *In care*; VISCARDI, C. *Experiências*; VISCARDI,
C.; JESUS, R. *Experiência*.
