**FONTES:** ALONSO, A. *Joaquim*; BEIGUELMAN, P. *Joaquim*; BELLO, J.
*Novos*; BURNS, E. *Unwritten*; OSTA, J. *Joaquim*; FREIRE,G. Joaquim;
NABUCO, C. *Vida*; NABUCO, J. *Diários*; NABUCO, J. *Estadista*; NABUCO,
J. *Obras*; NOGUEIRA, M. *Desventuras*; SALLES, R. *Joaquim*; VIANA
FILHO, L. *Vida.*
