**FONTES:** ARRUDA, P. *Gustavo*; BALEEIRO,A. *Constituições*; CARDOSO,
F. *Dos governos*; CARONE,E. *A primeira república*; *CARONE, E.
República velha*; CARVALHO,J. *Cidadania*; CARVALHO, J. *Bestializados*;
CONG.NAC. *Anais* (1890-1891); FAUSTO, B. *História*;FERNANDES, J.
*Constituinte*; LEITE, F. *1891*;MAXIMILIANO, C. *Comentários*; MILTON,
A. *Constituição*;SILVA, P. *Insígnias*; SOUZA, M. *Processo*;MOTA, C.
*Brasil*; TRINDADE, S. *Constituição.*
