**FONTES:**BEVILAQUA, C. *História* (p.279);CÂM. DEP. *Deputados
brasileiros*; *Diário da Bahia* (30/12/1928.p. 1). Um claro na
representação baiana;*Diário Oficial BA* (p.237-246,489-493); *Ordem*
(27, 29, 31/12/1928);*Ordem* (1, 30/1/1929). Deputado Ubaldino de
Assis;*Diário de Noticias* (27, 29 e 31/12/1928­). Odeputado Ubaldino de
Assis operado deApendicite. Faleceu o deputado Ubaldino deAssis. O
enterro do deputado Ubaldinode Assis; *Imparcial* (28/12/1928, p.1).
Está enfermoo deputado Ubaldino de Assis; SILVA, P.*Galeria.*
