**FONTES**: ARQ, HIST. MG. *Senadores e deputados de Minas Gerais*.
Disponível em:
\<www.arquivohistorico-mg.com.br/deputadosesenadores.html\>. Acesso em:
7/8/2010; ARRUDA, M. *Mitologia*; BARBOSA, W. *História*; CÂM. DEP.
*Deputados brasileiros*; Genealogia Brasileira. Disponível em:
\<www.genealogiabrasileira.com/titulosperdidos/cantagalo\_ptbetim.htm\>.
Acesso em: 13/6/2010; MONTEIRO, N. *Dicionário* (v.2, p.455/6);
NOGUEIRA, G. *Genealogias*; VASCONCELOS, D. *História*; VEIGA, J.
*Revista*.
