**FONTES:** CÂM. DEP. *Constituição de 1891.* Disponível em:
\<http://bd.cama ra.gov.br\>. Acesso em: 29/6/2010; CÂM. DEP. *Deputados
brasileiros*; CANTONI, N.; RODRIGUES, J. *Joaquim*; FALCONI, A.
*Astolpho*; MONTEIRO, N. *Dicionário* (v.2, p.461); Santiago, Sinval.
*Outra*;SENADO *Coleção de Leis do Brasil*. DEC - 7584 de 7/10/1909.
Disponível em:
\<www6.senado.gov.br/legislacao/DetalhaDocumento.action?id= 58133\>.
Acesso em: 1/7/2010.
