**FONTES:** *Grande Encic. Larousse Cultural* (v.21, p.4.311); Navios
brasileiros. Disponível em:
\<[www.naviosbrasileiros.com.br/ngb/J/J042/J042-NB.htm](http://www.naviosbrasileiros.com.br/ngb/J/J042/J042-NB.htm)\>.
Acesso em: 4/5/2012; Wikipedia. Disponível em:
\<[http://pt.wikipedia.org/wiki/J%C3%BAlio\_C%C3%A9sar\_de\_Noronha](http://pt.wikipedia.org/wiki/J%C3%BAlio_C%C3%A9sar_de_Noronha)\>.
Acesso em: 4/5/2012.
