**FONTES:**ARQ. HIST. ITAMARATY. Ofícios da legação de Londres (jul.
1895 - set. 1896); ARRAES, V. *República* (v.2, n.1); BUENO, C.
*República*; HOBSBAWM, E. *Era*; LYRA, H. *Diplomacia*; MAGDOFF, H.
*Imperialismo*; OCTÁVIO, R. *Minhas*; PEIXOTO, E.
*Publicações*;*Restituição*; RODRIGUES, J. *Interesse*; SOUZA, M.
*Processo*; TONELLI, N. *Dimensão* (v.1, n.2).
