**FONTES:** BARBOSA, W. *História de Minas*;BIOG. Diaulas Abreu.
Disponível em:
\<www.exeafb.com/index.php?option=com\_content&view=article&id=51&Itemid=64\>.Acesso
em: 11/10/2010; CÂM. DEP. *Deputados brasileiros* (1826-1976); HORTA, C.
*Famílias*; NOGUEIRA, G.*Genealogias*; VASCONCELOS, D. *História.*
