**FONTES:** ABRANCHES, J. *Governos*; BARBOSA, F. *João Pinheiro* (v.5,
n.2); CÂM. DEP. *Anais* (10/6 – 31/7/1891, v.1, 22/7/1891. p.487-495, 1-
31/10/1891, v.4, 12/10/1891. p.293-299/487-495); CARONE, E. *República*;
CARVALHO, J. *Escola*; COSTA, G. *Formação*; HOLANDA, B. *Buarque*;
Flogão. *Personagens da história de Serro Frio*. Disponível em:
\<http://flogao.com.br/serromg/106258133\>; *Mineração*; MIN. IND.,
VIAÇÃO OBRAS PUB. *Relatório* (1895,1896); MONTEIRO, N. *Dicionário*;
PIRES, A. *Homens* (v.146); RESENDE, M. *Formação*; VISCARDI, C.
*Elites*; WIRTH, J. *Fiel*.
