**FONTES:** BARROS, E. *Associação*;DINIZ, E. *Empresário*; GOMES, A.
*Burguesia*;LOBO, E. *História*; LUZ, N. *Luta*; MATHIAS,H. G.
*Comércio*; MONTEIRO, F. *Velha Rua*;POPINIGIS, F. *De classes*;
Rememorarte. Disponívelem: \<http://rememorarte.blog.br/?p=686\>. Acesso
em:1/6/2010; *Revista Assoc. Comerc. Rio de Janeiro* (1976 a 1999);*Rev.
Ciência Pol.* (9/1978).
