**FONTES:** ABRANCHES, J. *Governos* (v.1,2); ABREU, A. *Dicionário
histórico-biográfico brasileiro pós-1930*.Partido Republicano
Rio-grandense (verbete temático);CÂM. MUN. PELOTAS. Disponível em:
\<www.camarapel.rs.gov.br/historia/legislaturas-da-camara-de-vereadores-de-pelotas/\>;FRANCO,
S. *Dicionário*; GUTIERREZ, E. etal. *Histórico*; LEITE NETO, L.
*Catálogo biográfico* (v.3, p.1.369/70); OSÓRIO, F. *Cidade*; PASSOS,E.
*Mesas*; SENADO. Disponível em: \<www.senado.gov.br\>.
