**FONTES:**ARQ. OSVALDO ARANHA; CAFÉ FILHO, J. *Do* s*indicato*;
CARVALHO, E. *Petróleo*; CASTELO BRANCO FILHO, M. *Depoimento*; *Diário
do Congresso Nacional*; *Grande encic. Delta*; LIGA DE EMANCIPAÇÃO NAC.;
REGO NETO, H. *Fatos*; *Rev. Ciência Pol*. (1966); SENADO. *Dados
biográficos dos senadores*; SENADO. *Relação*; SILVA, G. *Constituinte*.
