**FONTES**: ABRANCHES, J. *Governos*; AITA, C.; AXT, G.; ARAÚJO, V.
*Parlamentares*; CÂM. DEP. *Deputados*; *Dicionário biobibliográfico de
autores brasileiros*; GUIMARÃES, A. *Dicionário*; GUIMARÃES, J.;
FELIZARDO, J. *Genealogia*; MARTINS, A. *Escritores*;O’DONNELL, F.
*Apparício*; TIMM, O.; GONZALES, E. *Álbum.*
