**FONTES:** AITA, C.; AXT, G.*Parlamentares*; BECKER, K. *Encic*
(p.127); CÂM. DEP. *Deputados brasileiros*; Mitoblogos. Disponível em:
\<http://mitoblogos.blogspot.com/2008/07/genealogia-295-descendentes-de-jos-lus.html\>.
Acesso em: 10\\8\\2011; SENADO. Disponível em:
\<www6.senado.gov.br/legislacao/ListaPublicacoes.action?id=151800&tipoDocumento=DEC&tipoTexto=PUB\>.
Acesso em: 10\\8\\2011; SPALDING, W. *Propaganda* (n.1, p.116); TIMM,
O.; GONZALEZ, E. *Álbum* (p.310).
