**FONTES:**ARQ. GETÚLIO VARGAS; AUTUORI, L. *Quarenta*; BALEEIRO, A.
*Supremo*; BLAKE, A. *Diccionário*; BRINCHES, V. *Diccionário*.; CARDI,
E. *Rodrigo*; CARNEIRO, L. *Centenário*; CORRESP. CONSULT. GER. REP.;
COSTA, E. *Grandes*; *Encic. Mirador*; *Grande encic. Delta*; GUIMARÃES,
A. *Dicionário*; *Jornal do Comércio*, Rio (28/2/1944); LAGO, L.
*Supremo*; MELO, L. *Dicionário*; NEVES, F.*Academia*; RIBEIRO FILHO, J.
*Dicionário*; SILVA, H. *1933*.
