**FONTES:** ASSOC. NAC. PRESERVAÇÃO FERROV. Disponível em:
\<www.anpf.com.br/\>. Acesso em: 24/7/2010; MAR. BRAS. Disponível em:
\<www.mar.mil.br/\>. Acesso em: 25/7/2010; MONTEIRO, N. *Dicionário*
(v.2, p.492-493); PREF. CRISTIANO OTONI. Disponível em:
\<www.cristianootoni.mg.gov.br/\>. Acesso em: 24/7/2010; SENADO.
\<www.senado.gov.br/\>. Acesso em: 24/7/2010.
