**FONTES:** ALVES, C. *Formação*; *Cachoeirano* (1911-1912); CARONE, E.
*República Velha II*; Coluna Layout cultural. Disponível em:
\<http://colunalayoutcultural.zip.net/\>. Acesso em: 11/2010; Jornal
Alvarenga. Disponível em:
\<http://jomalvarenga.sites.uol.com.br/agosto2005/acont6.htm\>. Acesso
em: 11/2010; PEREIRA, A. *Homens.*
