**FONTES:** ANTONACCI, M. *RS*; CARONE, E.*República*; FERREIRA FILHO,
A. *História*; FERREIRA FILHO,A. *Revoluções*; MENDES JÚNIOR, A.;
MARANHÃO, R. *República*; MOREIRA, R. *Assis*; MOREIRA,R. *Borges*;
PECHMAN, R. *Setembrino*; PESAVENTO, S. *Política* (p.273-295);
PESAVENTO, S. *República* (p.193-228); SILVA, H. *1922*; TRINDADE, H.
*Aspectos* (p.119-190); VIZENTINI, P.*Liberais.*
