**FONTES:** ABRANCHES, J. *Governos*; BEVILAQUA, C. *História*; BULCÃO
SOBRINHO, A. *Representantes* (263, p.55-86); *Democrata.* Dr. J. J.
Palma (30/9/1925); *Diário da Bahia*. A morte de um ilustre baiano e As
homenagens prestadas pela Câmara pelo falecimento do desembargador Palma
(29/9/1925); *Diário de Notícias.* Faleceu no Rio o desembargador Palma
e A Câmara (28, 29/9/1925); MELLO, A*. Cartilha*; *Revista do Instituto
Geográfico e Histórico da Bahia* (36, p.193-194); SOUZA, A. *Baianos*;
*Tarde.* Era um amigo fiel de Rui e O enterro do desembargador Palma
(28, 29/9/1925).
