**FONTES:** ABREU, A. *Dicionário* (v.5, p.4.252); BULCÃO SOBRINHO, A.
*Histórico*; BULCÃO SOBRINHO, A. *Representantes* (263, p.55-86);
*Diário Oficial do Estado da Bahia 1923* (2004. p.360, p.486-487); 
MELLO, A*. Cartilha*; *Revista do Instituto Genealógico da Bahia*
(n.21,1976); *Revista do Instituto Geográfico e Histórico da Bahia.* Dr.
Francisco Prisco de Souza Paraízo (74, p.201/202); SANTOS, M. *Sinopse*
(p.1-4); SOUZA, A. *Baianos* (p.145-146); *Tarde.* Bahia na Constituinte
(13/1/1932).
