**FONTES:**CASCUDO, L. *História*; CASCUDO,L. *História da Assembleia*;
CISNEIROS, A. *Parlamentares*;CONSULT. MAGALHÃES, B.; Diário do
Congresso Nacional;*Estado de S. Paulo* (4/4/1959); *Globo* (4/4/1959);
*Grande encic. Delta*; *Jornal do Brasil* (4/4/1959); LEITE, A.
*Páginas*;MACEDO, N. *Aspectos*; PEIXOTO, A. *Getúlio*;POPPINO, R.
*Federal*; SENADO. *Relação*; SILVA,G. *Constituinte*.
