**FONTES:** BASBAUM, L. *História*; CASTRO, S. *República*: CELSO
JÚNIOR, A. *Oito*; *Diário Oficial*, SP (30/3/1890); *Estado de S.
Paulo* (25/2/1926); GUANABARA, A. *Presidência*; *Jornal* (3/5,
11/6/1937); LUZ, N. *Luta*; NABUCO, J. *Intervenção*; PESSOA, R.
*Ideia*; SALES, C. *Da propaganda*; SODRÉ, N. *História*.
