**FONTES:** BEVILAQUA, C. *História*; BULCÃO SOBRINHO, A. *Histórico*;
BULCÃO SOBRINHO, A. *Relembrando*; BULCÃO SOBRINHO, A. *Representantes*
(263, 1964. p.55-86); *Cartas de Ontem 1891 a 1967*; *Diário Oficial do
Estado da Bahia* (2004. p.484-485, 488); *Diário de Notícias*. Salvador.
Falecimentos (17, 16/1/1905); SAMPAIO, C. *Partidos* (p.61/62).
