**FONTES:** BITTENCOURT, A. *Dicionário*; CASA CIVIL. GOV. AM.
Disponível em:
\<[www.casacivil.am.gov.br](http://www.casacivil.am.gov.br/)\>. Acesso
em: 10/8/2010; GOV. AM. Bib. Virtual. Disponível em:
\<[www.bv.am.gov.br](http://www.bv.am.gov.br/)\>. Acesso em: 10/8/2010;
SENADO. Disponível em:
\<[www.senado.gov.br](http://www.senado.gov.br/)\>. Acesso em:
29/7/2010.
