**FONTES:** ACAD. BRAS. LET. *Anuário* (1960-1962); BRINCHES, V.
*Dicionário*; CALMON, P. *História*; CONSULT. MAGALHÃES, B.; *Cronologia
da Assembleia*; CORTÉS, C. *Homens*; *Encic. Mirador*; FONTOURA, J.
*Memórias*; *Grande encic. Delta*; HIPÓLITO, L. *Campanha*; HIRSCHOWICZ,
E. *Contemporâneos*; *Jornal do Brasil* (3/9/1977); *Jornal do
Comércio*, Rio (13, 14/4/1968); MACEDO, R. *Efemérides*; MAGALHÃES, B.
*Artur*; MENESES, R. *Dicionário*; MIN. REL. EXT. *Almanaque*; MORAIS,
A. *Minas*; NOGUEIRA FILHO, P. *Ideais*; *Rev. Arq. Públ. Mineiro*
(12/1976); SILVA, H. *1926*; WAHRLICH, B. *Classificação*.
