**FONTES:** BARBOSA, F *JK*; CARVALHO, A. *Vultos*; CARVALHO, A.
C*onspiração*; CARVALHO, D. *Capítulos*; FRANCO, A. *Estadista*; FRANCO,
A. *Rodrigues*; LACOMBE, A. *Afonso Pena*; MENDONÇA, S. *Ruralismo*;
MONTEIRO, N. *Dicionário*; MORAES FILHO, E. *Campanha*; PENNA, A.
*Alguns*; REIS, M. *Trajetória*; VIEIRA, J. *Cadeia*; VISCARDI, C.
*Teatro*; WEINER, J. *Afonso Pena*.
