**FONTES:** Almanaque folha. Disponível em:
\<http://almanaque.folha.uol.com.br/brasil\_19fev1921.htm\>; CALIMAN, A.
*Legislativo*; CÃM. DEP. *Deputados brasileiros*; *Correio Paulistano*
(20/3/1926); *Dicionário de ruas*. Disponível em:
\<www.dicionarioderuas.com.br/LOGRA.PHP?TxtNome=PRA%C7A%20SENADOR%20JOS%C9%20ROBERTO%20LEITE%20PENTEADO&dist=48&txtusuario=&%20TxtQuery=1\>;
Espírito Santo do Pinhal. Disponível em:
\<www.proerdpinhal.com.br/revolucoes/revolta\_agosto.htm\>; *Folha da
Noite* (19/2/1921); FONSECA, A.; FONTES JUNIOR, A. *Câmara* (1834-1918,
1919-1924, 1928-1930).
