Fontes: CLUBE NAVAL. Disponível em: \<www.clubenaval.com.br/\>.
Acesso em: 15/3/2011; MAR. BRAS. Disponível em:
\<https://www.mar.mil.br/\>. Acesso em: 15/3/2011; PLANALTO. Disponível
em: \<www.planalto.gov.br/\>. Acesso em: 15/3/2011; SOC. BRAS. GEO.
Disponível em: \<www.socbrasileiradegeografia.com.br/\>. Acesso em:
15/3/2011; SUP. TRIB. MIL. Disponível em: \<www.stm.jus.br/\>. Acesso
em: 15/3/2011.
