**FONTES:** CARONE, E. *República nova*; CONG. BRAS. ESCRITORES. I;
*Correio da Manhã* (27/11/1965); COUTINHO, A. *Brasil*; CURRIC. BIOG.;
DULLES, I. *Anarquistas*; FAUSTO, B. *Trabalho*; FREIRE, G. *Ordem*;
*Grande encic. Delta*; *Jornal do Brasil* (6/1, 21/11/1965); LEVINE, R.
*Vargas*; MENESES, R. *Dicionário*; PEREIRA, A. *Ensaios*; SODRÉ, N.
*História da imprensa.*
