**FONTES:** ABRANCHES, J. *Governos*; BITTENCOURT, A. *Dicionário*; CÂM.
DEP. *Deputados brasileiros*; Jus Brasil. *Diário oficial da união*.
Disponível em:
\<www.jusbrasil.com.br/diarios/1988290/dou-secao-1-15-08-1920-pg-15\>.
Acesso em: 10/3/2011; TRIB. JUST. AM. Disponível em:
\<www.tjam.jus.br/index.php?option=com\_content&view=article&id=5&Itemid=9\>.
Acesso em: 10/3/2011.
