**FONTES:** ABRANCHES, J. *Governos* (p.215-216); BULCÃO SOBRINHO, A.
*Representantes* (p.55-86); *Diário da Bahia. Salvador.* Odalberto
Pereira (24/9, 3, 7/10/1908, 23, 24/9/ 1908); *Diário Oficial do Estado
da Bahia* (p.491/492); *Gazeta do Povo, Jornal de Notícias, Gazeta do
Povo, Jornal de Notícias* (23/9/1908). Falecimentos; SAMPAIO, C.
*Partidos* (p.96).
