**FONTES:** ABRANCHES, J. *Governos*; AMARAL, A. *Dicionário*;CALIMAN,
A. *Legislativo*; *Correio Paulistano* (19/3/1903) Acervo de Antônio
Sérgio Ribeiro; DUARTE, P. *Júlio*; EGAS, E. *Galeria* dos presidentes
(v.2); FRANCO, A. *Rodrigues*; NOBRE, J. *História*; RIBEIRO, A.
*Governantes*; *Estado de S. Paulo* – *Suplemento do Centenário*
(15/3/1975); SILVA, E; EWIGKEIT, J. *Precursores.*
