**FONTES:** ABRANCHES, J. *Governos* (v.1,p.561-562); Carlos A. A. de Sá
–Blog Literário. Deputados Sanjoanenses. Disponívelem:
\<http://carlosaadesa.wordpress.com/aspectos-culturais-sanjoanenses/parte-iv/\>.Acesso
em: 19/2/ 2011; CÂM. DEP. *Anais*;*Fluminense* (1/9/1896, p.2);
HENRIQUES, M. *Terra*;Itaperuna. Disponível em:
\<www.itaperunaonline.com.br/portal/default.asp?modulos=personalidadeshistoricas&p=002\>.Acesso
em: 19/2/2011; *Jornal do Brasil* (31/8/1896, p.4);*Jornal do Comércio*
(31/8/1896, p.2 e 7).
