**FONTES:** CÂM. DEP. *Deputados brasileiros* (p.93); INST. ADV. MG.
Disponível em: \<www.iamg.org.br/index.php\>. Acesso em: 13/8/2010;
INST. BRAS. GEO. EST. Disponível em:
\<www.ibge.gov.br/cidadesat/painel/painel.php?codmun=314150\#\>. Acesso
em: 13/8/2010; INST. HIST. GEO. MG. Disponível em: \<www.ihgmg.art.br\>.
Acesso em: 13/8/2010; MONTEIRO, N. *Dicionário* (v.2, p.541-542); PINTO,
J. *Ideias*; *Sonho universitário.*
