**FONTES:** *Diário da Bahia*, Democrata, Jornal Moderno, Cidade (23,
24/7/1917); *Diário de Noticias* (23/7/1917). Dr. Araujo Pinho; *Revista
da Fundação Pedro Calmon*. João Ferreira da Araújo Pinho (2001,
p.165-172); *Revista do Instituto Histórico e Geográfico Brasileiro*
(v.218, p.159-164); SAMPAIO, C. *Partidos* (p.109-112); SANTOS, M.
*Sinopse* (p.13); SOUZA, A. *Baianos* (p.187-188); *Tarde* (23/7/1917).
A morte e o enterro do Dr. Araújo Pinho.
