**FONTES:** ABRANCHES, J. *Governos*; CABRAL, O. *Breve*; CABRAL, O.
*História*; CÂM. DEP. *Deputados*; CONG. BRAS. ESCRITORES. I; CORTÉS, C.
*Homens*; COUTINHO, A. *Brasil*; *Globo* (16/7/1963); JAMUNDÁ, T.
*Catarinenses*; MACEDO, R. *Efemérides*; MEIRINHO, J. *Nomes*; MENESES,
R. *Dic*.; MOREIRA, J. *Dicionário*; PESQ. F. BARBOSA; PIAZZA, W*.
Dicionário político*; *Quem é quem no Brasil*; SILVA, H. *1938*; SILVA,
Z. *Perfis.*
