**FONTES:** ASBAM. Disponível em: \<www.asbamrj.com.br/24fev.htm\>; CÂM.
DEP. *Deputados brasileiros*; CHAIA, J. *Educação*; CONS. MUNI. DF.
*Anais*. (1892-1895); *Diário Oficial da União* (3/6/1932, 6/12/1940,
15/12/1944, 30/12/1955, 4/5/1957); *Revista do Instituto Histórico e
Geográfico Brasileiro* (2003, v.420-421); RIBEIRO, L. *Fundação.*
