**FONTES:** Boletim Min. Trab. (5/1936); CÂM. DEP. *Deputados*; Câm.
Dep. seus componentes; CONG. BRAS. ESCRITORES. I; CONSULT. MAGALHÃES,
B.; *Cronologia da Assembleia*; Diário do Congresso Nacional; GODINHO,
V. *Constituintes*; *Grande encic. Delta*; MENESES, R. *Dicionário*;
NABUCO, C. *Vida*; SILVA, H. *1935*; SILVA, H. *1937*.
