**FONTES:** ABREU, M.; TAMEGA, F. *Market*; ESTADOS UNIDOS. Tariff
Commission. Reciprocity (reimpressão do original de 1910); FISHLOW, A.
*Origins*; FRITSCH, W. *External*; GOLDSMITH, R. *Desenvolvimento*;
IBGE. *Estatísticas*; LUZ, N. *Luta*; MELLO, A. *Politique*; NUNES, F.;
SILVA, J. *Tarifa*; SUZIGAN, W. *Indústria*; VERSIANI, F.; VERSIANI. M.
*Industrialização*; VERSIANI. M. *Proteção*; VILLELA, A. *Política*;
VILLELA, A. *Tarifas* (v.3, p.27-46).
