**FONTES:** MENDONÇA, R. *Dicionário*; MENDONÇA, R. *História*; SENADO.
Disponível em:
\<www.senado.gov.br/sf/senadores/senadores\_biografia.asp?codparl=1714&li=23&lcab=1894-1896&lf=23\>.
Acesso em: 18/9/2008; SENADO. Disponível em:
\<www.senado.gov.br/sf/senadores/senadores\_biografia.asp?codparl=1714&li=25&lcab=1900-1902&lf=25\>.
Acesso em: 18/9/2008; Tio Sam. Disponível em:
\<www.tiosam.net/enciclopedia/index.asp?q=Generoso\_Pais\_Leme\_de\_Sousa\_Ponce\>.
Acesso em: 5/1/2009.
