**FONTES:** ABRANCHES, J. *Governos*; ASSEMB. LEGISL. RJ. Disponível em:
\<www.alerj.rj.gov.br/memoria/historia/gov88975/jose\_porciuncula.html\>.
Acesso em: 10/3/2011; CENTER FOR RESEARCH LIBRARIES. *Relatório do
presidente do estado do Maranhão José Tomás Porciúncula*, Disponível em:
\<http://brazil.crl.edu/bsd/bsd/u412/000001.html\>. Acesso em:
23/2/2011; COL. BRAS. GENEALOGIA. Disponível em:
\<www.cbg.org.br/arquivos\_genealogicos\_r\_02.html\>. Acesso em:
10/3/2011; FERREIRA, M. *República*; LACOMBE, L. *Chefes*.
