**FONTES:** ABRANCHES, J. *Governos*; ASSEMB. LEGISL. RJ. Disponível em:
\<www.alerj.rj.gov.br/memoria/historia/gov88975/francisco\_portela.html\>.
Acesso em: 23/2/2011; COL. BRAS. GENEALOGIA. Disponível em:
\<www.cbg.org.br/arquivos\_genealogicos\_r\_02.html\>. Acesso em:
23/2/2011; FERREIRA, M. *República*; LACOMBE, L. *Chefes*; LEITE NETO,
L. *Catálogo* *biográfico*; SENADO. Disponível em:
\<www.senado.gov.br/senadores/senadores\_biografia.asp?codparl=1697&li=29&lcab=1912-1915&lf=29\>.
Acesso em: 23/2/2011.
