**FONTES:** ABRANCHES, J. *Governos*; CÂM. DEP. *Deputados brasileiros*;
CÂM. MUN. NOVA IGUAÇU. *Galeria de Ex-Presidentes*. Disponível em:
\<www.cmni.rj.gov.br/nossa\_historia/ex\_presidentes\>. Acesso em:
11/1/2011; CÂM. MUN. NOVA IGUAÇU. *Rol dos Vereadores.* Disponível em:
\<www.cmni.rj.gov.br/nossa\_historia/rol\_vereadores/\>. Acesso em:
11/1/2011; CERQUEIRA, C. *História*.
