**FONTES:** CALIMAN, A. *Legislativo*; DUARTE, P. *Júlio Mesquita*;
*Diário Oficial da União*; *Diário Oficial do Estado de São Paulo*;
*Folha da Manhã*. SP. (6/12/1956); LEVI, D. *Família*; RIBEIRO, A.
*Poder*; SILVA, E.; EWIGKEIT, J. *Precursores*; VAMPRÉ, S. *Memórias*;
VELHO SOBRINHO, J. *Dicionário*.
