**FONTES:** CALMON, P. *História*; CARNEIRO, G. *História*; CORREIA, A.
*Rebelião*; D’ARAÚJO, M. *Cronologia*; DULLES, J. *Getúlio*; *Efemérides
paulistas*; *Encic. Barsa*; *Encic. Mirador*; FAUSTO, B. *Revolução*;
*Folha da Manhã*; FONTOURA, J. *Memórias*; *Grande encic. Delta*; LEITE,
A. *História*; LEVINE, R. *Vargas*; MELO, L. *Dicionário*; MIN. REL.
EXT. *Anuário*; MORAIS, A. *Minas*; NOGUEIRA FILHO, P. *Ideais*; *País*;
PESQ. F. BARBOSA; REIS JÚNIOR, P. *Presidentes*; SKIDMORE, T. *Brasil*.
