**FONTES:** ASSEMB. LEGISL. AM. Disponível em: \<www.aleam.gov.br\>.
Acesso em: 11/8/2010; BITTENCOURT, A. *Dicionário*; CASA CIVIL. GOV. AM.
Disponível em: \<www.casacivil.am.gov.br\>. Acesso em: 29/6/2010;
Maçonaria brasileira. Disponível em: \<www.brasilmacom.com.br\>. Acesso
em: 11/8/2010; TRIB. JUST. AM. Disponível em: \<www.tjam.jus.br\>.
Acesso em: 29/6/2010.
