**FONTES:**ACAD. BRAS. LET. Disponível em:
\<www.academia.org.br./abl/cgi/cgilua.exe/sys/start.htm?infoid=486&sid=154&tpl\>.
Acesso em: 26/7/2009; ALVES, M. *Escritores* (p.124); BULCÃO SOBRINHO,
A. *Histórico*; BULCÃO SOBRINHO, A. *Representantes* (p.55-86); *Cartas
de Ontem*; *Diário Oficial do Estado da Bahia* (1923, p.360, 482/489);
*Revista do Instituto Genealógico da Bahia* (XI, 11, p.120-124, 1968);
SAMPAIO, C. *Partidos* (p.69-74); SANTOS, M. *Sinopse* (p.1- 4);
*Tarde.* Um baiano ilustre que desaparece. A morte de Eduardo Ramos, no
Rio (15/5/1923).
