**FONTES:**CALIMAN, A. *Legislativo*; *Correio Paulistano* (25/3/1905)
Acervo de Antônio Sérgio Ribeiro; *Diário Popular* (21, 27/9/1892);
DIAS, C. *Galeria*; *Estado de S. Paulo* (25/11/1891, 18/12/1891); 
NOGUEIRA, A. *Academia*; PRES. REP. *Governos da República*; RIBEIRO, A.
*Governantes*; RIBEIRO, A. *Poder*; VAMPRÉ, S. *Memórias.*
