**FONTES:** ASSEMB. LEGISL. RJ. Sessão ordinária e Constituinte de 1917,
Sessão ordinária (26/7 - 30/11/1918, 17/7 - 31/10/1919, 26/7 - 2/10,
16-30/11/1920; CÂM. DEP. *Deputados brasileiros*; CÂM. MUN. NOVA
FRIBURGO. *Ex-Presidentes.* Disponível em:
\<www.camaranf.rj.gov.br:8180/cmnf/camara/ex-presidentes\>; PREF. NOVA
FRIBURGO. Disponível em: \<www.pmnf.rj.gov.br/\>.
