**FONTES:** ARQ. ACAD. BRAS. CIENC.; ARQ. FUND. GETÚLIO VARGAS – CPDOC;
ARQ. RAD. MEC; ARQ. SOARMEC; BIB. NAC.; CALABRE, L. *Era*; CALABRE, L.
*Rádio*; CASTRO, R. *Roquette-Pinto*; CENT. CULT. EDGARD ROQUETTE-PINTO;
MASSARANI, L. *Divulgação*; MATEUS, R. *Edgard*; MILANEZ, L. *Rádio*;
*Revista especial dos 60 anos da Rádio MEC*; *Revista Estudos
Históricos*. (n. 21).
