**FONTES:** APULCRO, X. *Verdade*; CARVALHO, J. *Construção*; CASTRO, S.
*República*; CONNIFF, M. *Urban*; FAUSTO, B. *Brasil*; FAUSTO, B.
*Expansão*; FERREIRA, M. *República*; FONSECA FILHO, H. *Marechal
Hermes*; FORJAZ, M. *Tenentismo*; FRANCO, A. *Um estadista*; FREIRE, A.
*Bancada*; FRITSCH, W. *Aspectos*; GABAGLIA, L. *Epitácio Pessoa*; LAGO,
M. *Convenção*; MAGALHÃES, B. *Artur*; MENDONÇA, S. *Ruralismo*;
PEÇANHA, C. *Nilo Peçanha*; PEÇANHA, C. *Nilo Peçanha*; TOLENTINO, J.
*Nilo Peçanha.*
