**FONTES:** ABRANCHES, J. *Governos* (v.1); ALMEIDA, P. *Estrutura*
(v.12, p.53-69); ARQ. NAC.; BUENO, C. *República*; CÂM. DEP. *Anais*
(1891-93, 1895, 1897); Constituição da República dos Estados Unidos do
Brasil (24/2/1891); MIN. REL EXT. *Relatório* (1902-03, anexo 2);
SENADO. *Anais* (1892-93, 1895, 1897).
