**FONTES:** CÂM. DEP. *Deputados brasileiros*; LOPES, H. *Aarão*;
Projeto de imagem de publicações oficiais brasileiras do Center for
Research Libraries e Latin-american Microfilm Project. *Mensagens dos
Presidentes de Província (1830-1930).* Disponível em:
\<www.crl.edu/content.asp?l1=4&l2=18&l3=33\>. Acesso em: 8/1/2009;
FONSECA, C. *Professor* (n.201, p.196-198); SILVA, M. *Professor.*
