**FONTES:** ABREU, A. *Dicionário histórico-biográfico brasileiro
pós-1930*. Partido Republicano Rio-grandense (verbete temático); CARONE,
E. *República Velha*; FERREIRA FILHO, A. *História*; FERREIRA FILHO, A.
*Revoluções*; FRANCO, S. *Júlio*; LOVE, J. *Regionalismo*; MENDES
JÚNIOR, A.; MARANHÃO, R. *República* (v.2,3); MOREIRA, R. *Assis
Brasil*; MOREIRA, R. *Borges de Medeiros*; PECHMAN, R. *Setembrino*;
PESAVENTO, S. *Política* (n.6, p.273-295); PESAVENTO, S. *República*
(p.193-228); SILVA, H. *1922*.TRINDADE, H. *Aspectos*.
