**FONTES:** Biblioteca Virtual. Gov. Amazonas. Disponível em:
\<www.bv.am.gov.br\>. Acesso em. 19/8/2010; BITTENCOURT, A.
*Dicionário*;CASA CIVIL EST. AMAZONAS. Disponível em:
\<www.casacivil.am.gov.br\>. Acesso em: 19/8/2010; Portal Amazônia do
sistema Globo. Disponível em: \<http://portalamazonia.globo.com\>.
Acesso em: 19/8/2010; Revista de educação da Universidade Estadual do
Amazonas. Disponível em: \<www.revistas.uea.edu.br\>. Acesso em:
19/8/2010; Secretaria de Cultura do Estado do Amazonas. Disponível em:
\<www.culturamazonas.am.gov.br\>. Acesso em: 19/8/2010.
