**FONTES:** ABRANCHES, J. *Governos*; ARQ. NAC. Disponível em:
\<www.arquivonacional.gov.br\>; ASSEMB. LEGISL. RJ. *Núcleo de Memória
Política Carioca e Fluminense*. Disponível em:
\<www.alerj.rj.gov.br/memoria/historia\>; BLAKE, A. *Diccionario* (v.2);
CÂM. DEP. *Deputados brasileiros* CÂM. DEP. Disponível em:
\<www2.camara.gov.br\>; CASTRO, J. *Milícia*; *Grande. encic. Delta
Larousse*; REIS, J. *Rio de Janeiro*; SOUSA, J. *Índice*.
