**FONTES:** ABRANCHES, J. *Governos*; *Assistência pública*; BARATA, A.
*Vida* (p.24-25); BARATA, C.; BUENO, A. *Dicionário*; BASTOS, A.
*Conselho*; BLAKE, A. *Diccionário*; LEITE NETO, L. *Catálogo
biográfico*; REIS, J. *Rio de Janeiro*; SANTOS, N. *Esboço*; SENADO.
*Anais* (1900-1909); WEID, E. *Prefeito*.
