**FONTES:** ARQ. DEP. PESQ. JORNAL DO BRASIL; ARQ. MIN. EXÉRC; BANDEIRA,
L. *Governo*; CASTELO BRANCO, C. *Introdução*; CONSULT. MAGALHÃES, B.;
CORRESP. SECRET. GER. EXÉRC.; *Encic. Mirador*; FICHÁRIO PESQ. M.
AMORIM; *Grande encic. Delta*; *Jornal do Comércio*, Rio (14/1/1969);
JUREMA, A. *Juscelino*; *Ministros da Justiça*; POERNER, A. *Poder*;
SILVA, H. *1964*; SKIDMORE, T. *Brasil*; *Visão* (10/12/1973); VÍTOR, M.
*Cinco*.
