**FONTES:**ABRANCHES, J. *Governos*; ARQ. GETÚLIO VARGAS; BELLO, J.
*História*; BLAKE, A. *Diccionario*; Boletim Min. Trab. (5/36); CARONE,
E. *República*; CONSULT. MAGALHÃES, B.; Diário do Congresso Nacional;
*Encic. Mirador*; Estado (1930 e 1937); *Grande encic. Delta*; *Jornal
do Comércio* (26/12/1937); MOTA, C. *Brasil*; Personalidades; SILVA, H.
*1935*; SOUSA, J. *Índice*; VELHO SOBRINHO, J. *Dic*.
