**FONTES:** ABRANCHES, J. *Governos*; ARAGÃO, A. *Bahia*; CÂM. DEP.
Disponível em: \<www2.camara.gov.br/\>. Acesso em: 20/2/2009; *Diário de
Noticias (27*/8/1906), *Tarde.* Senador Artur César Rios; LEITE NETO, L.
*Catálogo biográfico*; PRAZERES, O. *Bahia*; *Revista do Instituto
Histórico e Geográfico Brasileiro* (263, p.64); SANTOS, E. *J.J. Seabra*
(p.27); SAMPAIO, C. *Memória* (p.60/61); SENADO. *Dados biográficos.*
