**FONTES:** ABREU, A. *Dicionário* (v.5); CARNEIRO, D.; VARGAS, T.
*História*; ROCHA, C. *Mensagem* (1921, 1925, 1927, 1928); ROMANELLI, O.
*História*; SENADO. *Munhoz da Rocha*. Disponível
em:\<www.senado.gov.br/sf/senadores/senadores\_biografia.asp?codparl=1364&li=32&lcab=1921-1923&lf=32\>.
Acesso em: 2/2/2009.
