**FONTES:** ABRANCHES, J. *Governos*; AMARAL, A. *Dicionário*; BRASIL.
*Coleção de leis* (1919, v.1); CALIMAN, A. *Legislativo*;*Correio*
*paulistano* (23/10/1934); EGAS, E. *Galeria*; *Folha da Manhã*
(23/10/1934); FONSECA, A.; IGNÁCIO, A.; BRISOLLA, C. *São Paulo* (v.1);
RIBEIRO, A. *Governos*; RIBEIRO, A. *Poder.*
