**FONTES:** CÂM. DEP. *Deputados brasileiros*; FERREIRA, L.
*Decomposição* (p.3); LEITE NETO, L. *Catálogo biográfico* (v.3,
p.1.961/1.962); MARQUES, C. *Dicionário*; SENADO. Disponível em:
\<www.senado.gov.br/sf/senadores/senadores\_biografia.asp?codparl=2053&li=29&lcab=1912-1915&lf=29\>.
Acesso em: 22/9/2008.
