**FONTES:** ABRANCHES, J. *Governos*; BITTENCOURT, A. *Dicionário*;
*CÂM. DEP. Deputados brasileiros*; Diário de um juiz. Disponível em:
\<www.diariodeumjuiz.com/?p=1807\>. Acesso em: 21/3/2011; PRES. REP.
Disponível em:
\<www.planalto.gov.br/ccivil\_03/constituicao/Constitui%C3%A7ao91.htm\>.
Acesso em: 21/3/2011; Wikipedia. Disponível em:
\<ihttp://pt.wikipedia.org/wiki/Anexo:Lista\_de\_prefeitos\_de\_Manaus\>.
Acesso em: 3/8/2011.
