**FONTES:**Brasil Escola. Disponível em:
\<www.brasilescola.com/biografia/raimundo-nina.htm\>. Acesso em:
19/11/2008; CORRÊA, M. *Nina*. Disponível em:
\<www.sbhm.org.br/index.asp?p=medicos\_view&codigo=200\>; *Psychiatry on
line Brasil*. Disponível em: \<www.polbr.med.br/\>. Acesso em:
19/11/2008; SCHWARCZ, L. *Espetáculo*; SOC. BRAS. HIST. MED. Acesso em:
19/11/2008.
