**FONTES:** ABRANCHES, J. Governos (v.2); Correio Paulistano
(26/10/1911); Dicionário de ruas. Disponível em:
\<www.dicionarioderuas.prefeitura.sp.gov.br/PaginasPublicas/ListaLogradouro.aspx\>; 
MARCONDES, A. *Pindamonhangaba*; Pindavale. Disponível em:
\<www.pindavale.com.br/pindamonhangaba/prefeitos.asp\>; *São Paulo e
seus homens*; Tribuna do Norte. Disponível em:
\<www.tribunadonorte.net/edicoesanteriores/180408/cultura.htm\>.
