**FONTES:** ABRANCHES, J. *Governos* (v.2); ASSEMB. LEGISL. SP.
Disponível em:
\<www.al.sp.gov.br/portal/site/Internet/menuitem.c88c33b6c4c026dd58897710560041ca/?vgnextoid=83dc80f3e6e57110VgnVCM100000590014acRCRD\>;
CALIMAN, A. *Legislativo*; *Correio Paulistano* (15/6/1916); FONSECA,
A.; FONTES JUNIOR, A. Câmara; GOV. SP. Disponível em:
\<www.justica.sp.gov.br/Modulo.asp?Modulo=195\>; JBCultura. Disponível
em: \<www.jbcultura.com.br/gde\_fam/pafg92.htm\>; LEME, L. *Genealogia*;
RUBIÃO JÚNIOR, J. Relatório (2/4/1895); PREF. MUN. BOTUCATU. Disponível
em: \<www.botucatu.sp.gov.br/estudo\_pesquisa/lendas2.htm\>.
