**FONTES:** ABRANCHES, J. *Governos*; AMARAL, A. *Dicionário*; BLAKE, A.
*Diccionário* (v.3, p.314); CABRAL, R. *Currículo*; CARDIM, C. *Alberto
Sales*; CENT. DOC. PENSAMENTO. BRAS. Disponível em:
\<www.cdpb.org.br/dic\_bio\_bibliografico\_sales%20joao.html\>;
GUIMARÃES, J. *Pensamento*; Jstor. Disponível em:
\<www.jstor.org/pss/3512860\>; LEITE, A. *Alberto Sales*; LEITE, A.
*Pervivência*; LEITE, A. *Raízes* (v.31, 2/6/1971); MELO, L.
*Dicionário*; OLIVEIRA, G. *Alberto Sales;* RIBEIRO JUNIOR, J. *Alberto
Sales*; VITA, L. *Alberto Sales*; VITA, L. *Ensaio.*
