**FONTES:** BULCÃO SOBRINHO, A. *Representantes* (n.263, p.55-86);
CASTRO, R. *Fundadores*; *Diário da Bahia*, Teodoro Sampaio. O seu
brusco desaparecimento na Capital Federal (17/10/1937); LIMA SOBRINHO,
A. *Teodoro Sampaio;* SANTANA, J. *Teodoro Sampaio*; SOUZA, A.
*Baianos*; SOUZA, E. *Desvenda-se o mistério; Tarde.* Dr. Teodoro
Sampaio, a morte do ilustre baiano (16/10/1937).
