**FONTES:** ARQ. PUB. PR. Disponível em:
\<www.arquivopublico.pr.gov.br/\>. Acesso em: 18/10/2010; CASA CIVIL DO
PR. Disponível em: \<www.casacivil.pr.gov.br/\>. Acesso em: 18/10/2010;
Museu Maçônico Paranaense. Disponível em:
\<www.museumaconicoparanaense.com/\>. Acesso em: 18/10/2010; PREF.
CAMBARÁ. Disponível em: \<http://cambara.prefeituramunicipal.net/\>.
Acesso em: 18/10/2010; SENADO. Disponível em: \<www.senado.gov.br/\>.
Acesso em: 18/10/2010.
