**FONTES:** ABRANCHES, J. *Governos*; ABREU, A. *Dicionário*
(p.5.260/5.271/5.273-7.275); BEVILAQUA, C. *História*; BULCÃO SOBRINHO,
A. *Representantes* (n.263, p.55-86); MATTOS, W. *História*; MELLO, A*.
Cartilha*; NASCIMENTO, W.; FONSECA, J. *Baianos*; SAMPAIO, C. *Memória*;
SANTOS, R. *Vidas*; *Tarde* (31/12/1932). Coronel Frederico Costa;
*Tarde, Imparcial* (28, 29/1/1946). Faleceu o Conselheiro João Santos,
foi secretário de estado em três governos, Grande perda para a Bahia.
