**FONTES:** ABRANCHES, J. *Governos* (v.1); CÂM. DEP. *Deputados
brasileiros*; CÂM. MUN. CANTAGALO. *Galeria de Ex-Presidentes.*
Disponível em: \<www.cmcantagalo.rj.gov.br/ex-presidentes.htm\>. Acesso
em: 12/1/2011; LEITE NETO, L. *Catálogo biográfico;* SENADO. *Dados*
*biográficos dos senadores do Rio de Janeiro;* SENADO. Disponível em:
\<www.senado.gov.br\>.
