**FONTES:** ASSEMB. NAC. CONST. 1934. *Anais*; BELEZA, N. *Evolução*;
Boletim Min. Trab. (5/1936); CÂM. DEP. *Deputados*; Câm. Dep. seus
componentes; CARNEIRO, G. *História*; Cronologia da Assembleia; *Diário
de Notícias*, Rio; Diário do Congresso Nacional; *Encic. Mirador*;
FONTOURA, J. *Memórias*; GODINHO, V. *Constituintes*; *Grande encic.
Delta*; GUIMARÃES, A. *Dicionário*; JARDIM, R. Aventura; *Jornal do
Comércio*, Rio; LEITE, A. *História*; LIRA, A. *Senado*; MORAIS, A.
*Minas*; MOREIRA, J. *Dicionário*; PANG, Eul-Soo. *Coronelismo*;
PEREIRA, N. *Faculdade*; SOUSA, A. *Baianos*.
