**FONTES:** ACAD. BRAS. LET. Disponível em: \<www.academia.org.br\>.
Acesso em: 27/5/2009; GARCEZ, L.; OLIVEIRA, J. *Explicando*; Mundo
Cultural. Disponível em: \<www.mundocultural.com.br\>. 27/5/2009;
Tarsila do Amaral. Disponível em: \<www.tarsiladoamaral.com.br\>.
27/5/2009; VELOSO, C. *Verdade.*
