**FONTES:** ABRANCHES, J. *Governos*; ASSEMB. LEGISL. AM. Disponível em:
\<www.aleam.gov.br/Institucional/AIGaleria\_Presidentes.asp\>. Acesso
em: 21/3/2011; CÂM. DEP. *Deputados brasileiros*; Jus Brasil. Disponível
em:
\<www.jusbrasil.com.br/diarios/1718711/dou-secao-1-20-11-1906-pg-3\>.
Acesso em: 21/3/2011; MAR. BRAS\>. Disponível em:
\<www.mar.mil.br/eamce/sub-paginas/comandantes.html\>. Acesso em:
21/3/2011.
