**FONTES:** ABRANCHES, J. *Governos*; Dicionário de ruas. Disponível em:
\<www.dicionarioderuas.com.br/LOGRA.PHP?TxtNome=RUA ANTONIO MOREIRA DA
SILVA&dist=81&txtusuario=& TxtQuery=1\>; INST. HIST. GEO. GENAL.
SOROCABA. Disponível em:
\<www.ihggs.org.br/index.php?option=content&task=view&id=260&Itemid=119\>,
\<www.ihggi.org/genealogia-ana-nunes-vieira-historia.php\>; NOGUEIRA, O.
*Contribuição*.
