**FONTES:** BARATA, C.; CUNHA, A. *Dicionário* (v.1); CÂM. DEP.
*Deputados brasileiros*; CASTRO, J. *Milícia;* Cepesle News. *Delegados
dos municípios de Minas Gerais*. Disponível em:
\<http://cepesle-news.blogspot.com/2008/04/delegados-de-minas-1893.html\>.
Acesso em: 16/5/2010; COL. CARAÇA. Disponível em:
\<www.santuariodocaraça.com.br\>. Acesso em: 19/4/2010; PREF. DORES DO
INDÁIA. *História*. Disponível em:
\<www.doresdoindaia.mg.gov.br/web/pagina.php?id=7\>. Acesso em:
16/5/2010; SOROMENHO, C. *Guarda*; VEIGA, J. *Revista*.
