**FONTES:** ABRANCHES, J. *Governos* (v.1, p.344); CÂM. DEP. *Deputados
brasileiros* (p.98); CENTR. DOC. EXERC. Disponível em:
\<www.cdocex.eb.mil.br/\>. Acesso em: 10/12/2010; COL. BRAS. GENEALOGIA.
Disponível em: \<www.cbg.org.br/\>. Acesso em: 10/12/2010; NÚCLEO MEM.
POLÍT. CARIOCA FLUMIN. Disponível em:
\<www.alerj.rj.gov.br/memoria/historia\>. Acesso em: 10/12/2010.
