**FONTES:** CÂM. DEP. Disponível em: \<www2.camara.gov.br/\>. Acesso em:
20/2/2009; *Rev. Inst. Hist. Geog. Bras.* (v.263, n.60,1964); SARMENTO.
Silvia. Depoimento prestado a Liliane de Brito Freitas, no dia 19 de
maio de 2009; CASA RUI BARBOSA. Disponível em:
\<www.casaruibarbosa.gov.br\>. Acesso em: 24/3/2009.
