**FONTES:** ARQ. PUB. PR. Disponível em:
\<www.arquivopublico.pr.gov.br/\>. Acesso em: 12/10/2010; CASA CIVIL PR.
Disponível em: \<www.casacivil.pr.gov.br/\>. Acesso em: 12/10/2010;
PLANALTO. Disponível em: \<www.planalto.gov.br/\>. Acesso em:
12/10/2010; SENADO. Disponível em: \<www.senado.gov.br/\>. Acesso em:
12/10/2010.
