**FONTES:** CÂM. DEP. *Deputado e embaixador*; COL. EST. EMB. JOSÉ
BONIFÁCIO. *Dr. José; Encic. Barsa*; FONTOURA, J. *Memórias*; *Grande
encic. portuguesa*; *Ilustração Brasileira* (7/9/1922); *Jornal do
Comércio*, Rio (25/2/1954); MIN. REL. EXT. *Anuário*; MORAIS, A.
*Minas*; NOGUEIRA FILHO, P. *Ideais*; *Rev. Arq. Públ. Mineiro*
(12/1976); SILVA, G. *Constituinte*; SILVA, H. *1930*; *Who’s who in
Brazil.*
