**FONTES:** ABRANCHES, J. *Governos* (v.1, 2); ABREU, A. *Dicionário*.
Partido Republicano Rio-grandense (verbete temático); CÂM. DEP.
*Deputados brasileiros*; ESCOBAR, W. *Apontamentos*; FLORES, H.
*Revolução*; FLORES, M; FLORES, H. *Rio Grande do Sul*; FRANCO, S.
*Dicionário*; FRANCO, S. *Júlio*; MELO, L. *Subsídios*; PESAVENTO, S.
*Assembleia*; REVERBEL, C. *Maragatos*; SOUSA, J. *Índice*; TRINDADE,
H.; NOLL, M. *Subsídios*; VELHO SOBRINHO, J. *Diccionario* (v.2); VIDAL,
J. *República*.
