**FONTES:** ABRANCHES, J. *Governos*; ASSEMB. LEGISL. RJ. Disponível em:
\<www.alerj.rj.gov.br/memoria/historia/gov88975/baltazar\_silveira.html\>.
Acesso em: 9/3/2011; COL. BRAS. GENEALOGIA. Disponível em:
\<www.cbg.org.br/arquivos\_genealogicos\_r\_02.html\>. Acesso em:
9/3/2011; FERREIRA, M. *República*; LACOMBE, L. *Chefes*.
