**FONTES:** BANCO DO BRASIL. *Relatório*; BULHÕES, A. *Ministros*; COHN,
G. *Petróleo*; CONSULT. MAGALHÃES, B.; CURRIC. BIOG.; DULLES, J.
*Getúlio*; *Encic. Mirador*; *Jornal do Brasil* (5/11/1974); MIN. FAZ.
*Erário*; MIN. FAZ. *Ministros*; MONTEIRO, F. *Banco*; MOURÃO, M.
*Dutra*; MUSEU DO BANCO DO BRASIL.
