**FONTES:** BATALHA, C. *Syndicalisme*; BATALHA, C. *Uma outra*;
*Conclusões*; DULLES, J. *Anarquistas*; FAUSTO, B. *Trabalho*; FENELON,
D. *Congresso*; FOOT, F.; LEONARDI, V. *História*; GOMES, A. *Invenção*;
KAREPOVS, D. *Esquerda*; PEREIRA, A. *Formação*; VELASCO E CRUZ, M.
*Amarelo*; ZAIDAN FILHO, M. *Pão e pau*.
