**FONTES:**ABRANCHES, J. *Governos* (v.1,2); ABREU, A. *Dicionário
histórico-biográfico brasileiro pós-1930*.Partido Republicano
Rio-grandense (verbete temático);CÂM. DEP. *Deputados brasileiros*;
FRANCO, S. *Dicionário*;FRANCO, S. *Júlio*; GRIJÓ, L. *Entre a
barbárie*;LOVE, J. *Regionalismo*; PESAVENTO, S. *Assembleia*;SILVEIRA,
A. *Enciclopédia*; SOUSA, J. *Índice*;SOUSA, J. *Índice geral*;
TRINDADE, H.; NOLL,M. *Subsídios.*
