**FONTES:** Boletim Min. Trab. (5/1936); CÂM. DEP. *Deputados*; CONSULT.
MAGALHÃES, B.; Diário do Congresso Nacional; Efemérides Paulistas;
*Encic. Barsa*; *Encic. Mirador*; ENTREV. PEIXOTO, A.; FONTOURA, J.
*Memórias*; GODINHO, V. *Constituintes*; *Grande encic. Delta*;
Ilustração Brasileira (10/1922); *Jornal do Comércio* (1/6/1967); LEITE,
A. *Páginas*; MORAIS, A. *Minas*; NABUCO, C. *Vida*; NOGUEIRA FILHO, P.
*Ideais*; *Novo dic. de história*; SENADO. *Anais* (13/11/1935); SILVA,
H. *1935*.
