**FONTES:** ADORNO, S. *Aprendizes*; AMORA, P. *Bernardes*; BARBOSA, F.
*JK*; BARBOSA, W. *Dicionário*; CARVALHO, A. *Raul Soares*; CARVALHO D.
*Capítulos*; CARVALHO, D. *Francisco Sales*; CARVALHO, A. *Vultos*;
CAVALCANTI, P. *Presidência*; DULCI, O. *Política*; FLEISCHER, D.
*Cúpula*; FRANCO, A. *Um estadista*; FRANCO, A. *Rodrigues Alves*;
GUSTIN, F. *Memória*; MAGALHÃES, B. *Artur Bernardes*; MONTEIRO, N.
*Dicionário*; PESSOA, E. *Pela verdade*; SALLES, J. *Se não*; SILVA, L.
*Crise*; VENÂNCIO FILHO, A. *Das arcadas*; VISCARDI, C. *Minas*
(p.89-95, 1999); VISCARDI, C. *Teatro*; WIRTH, J. *Fiel*.
