**FONTES:** *Diário de Notícias* (19/4/1933). Faleceu o Dr. Vital
Soares; *Revista da Fundação Pedro Calmon* (n.2, 1997, p.169-170, n.6,
2001, p.197-199); *Revista do Instituto Histórico e Geográfico
Brasileiro* (v.263, 80-82); SAMPAIO, C. *Partidos* (p.218-223); SANTOS,
M. *Sinopse* (p.35); SOUZA, A. *Baianos* (p.237-238); *Tarde*
(19/4/1933). Uma grande perda para a Bahia.
