**FONTES:** BORGES, D. *Getúlio*;CAMARGO, A. *Questão*; DULLES, J.
*Unrest*; FAUSTO, B. *Revolução*; GOMES, A. *Revolução;* MOTTA, M.
*Dicionário*;MAGALHÃES, G. *Sociedade*; MENDONÇA, S. *Ruralismo*; REIS,
E. *Agrarian*; RIBEIRO, V. *Voz*; *Rural*; SCHMITER, P. *Interest*;
SILVA, A. *Ciência*; SOC. RUR. BRAS. Disponível em: \<www.srb.org.br/\>.
Acesso em: 29/6/2010; SOC. RUR. BRAS. *Estatutos*; SOUSA, J. *Encic*.;
VÍTOR, M. *Cinco*; ZIOLI, M. *Política.*
