**FONTES:** ABRANCHES, J. *Governos*; AITA, C.; AXT, G.; ARAÚJO, V.
*Parlamentares*; CÂM. DEP. *Deputados brasileiros*; Mundia, Disponível
em: \<www.mundia.com/br/Person/27181860/2009087946\>. Acesso em:
17/1/2012; Registro de casamento da Catedral (livro 10, p.11).
Disponível no Arquivo Público de Porto Alegre.
