**FONTES:** ACAD. NAC. MED. Disponível em: \<www.anm.org.br\>; ASSEMB.
LEGISL. RJ. *Núcleo de Memória Política Carioca e Fluminense.*
Disponível em: \<www.alerj.rj.gov.br/memoria/historia\>; CÂM. DEP.
*Deputados brasileiros*; FIOCRUZ. *Biblioteca Virtual em Saúde Adolpho
Lutz*. Disponível em:
\<http://homolog.bvsalutz.coc.fiocruz.br/html/correspondencia/azevedo.htm\>;
GIFFONI, O. C. *Dicionário*; REIS, J. *Rio*; SOC. MED. CIR. RJ.
Disponível em: \<www.smcrj.org.br\>; SOUSA, J. *Índice*; VELHO SOBRINHO,
J. *Diccionario*.
