**FONTES:** BULCÃO SOBRINHO, A. *Representantes* (n.263, 1964, p.55-86);
CASTRO, R. *Fundadores* (p.35/49/51); *Diário de Notícias* (14/6/1941).
Homenagem à memória do acadêmico Muniz Sodré; *Diário Oficial do Estado
da Bahia;* LEITE NETO, L. *Catálogo biográfico* (v.1, p.249-251); MUNIZ,
G. *Medicina* (2/7/1923, p.424/425); SAMPAIO, C. *Partidos*
(p.104,128,135-142); SOUZA, A. *Baianos* (p.279/280).*Tarde*
(10/6/1940). Faleceu o Dr. Muniz Sodré (10/6/1940).
