**FONTES:** ABRANCHES, J. *Governos*; ASSEMB. LEGISL. RJ. *Sessão
extraordinária* (5/1892, 1/3 – 9/4/1982); CÂM. DEP. *Deputados
brasileiros*; SENADO. Disponível em: \<www.senado.gov.br\>; TRIB. FED.
SUP. *História dos Partidos Políticos.* Disponível em:
\<www.tse.gov.br/ines/os\_partidos\_politicos/os-partidos-politicos.html\>.
