**FONTES:** ABRANCHES, J. *Governos*; BIB. VIRT. AM. Disponível em:
\<www.bv.am.gov.br/portal/conteudo/serie\_memoria/52\_antonio.php\>.
Acesso em: 17/11/2010, 19/11/2010); BITTENCOURT, A. *Dicionário*; CÂM.
DEP. *Deputados brasileiros*; CASA CIVIL AM. Disponível em:
\<www.casacivil.am.gov.br/programas\_02.php?cod=2223\>. Acesso em:
24/11/2010; SOUZA, T.; PAIS, L. *Elementos*; Worldstatesmen.org.
Disponível em: \<www.worldstatesmen.org/Brazil\_States.html\>. Acesso
em: 17/11/2010.
