**FONTES:** ASSEMB. LEGISL. RJ. *Anais* (1836-1930); ASSOC. BRAS.
IMPRENSA. Disponível em; \<www.abi.org.br/paginaindividual.asp?id=201\>.
Acesso em: 15/1/2013; *Diário Carioca* (26/7/1935; 19 e 27/1/1940,
5/10/1941, 11/8/1946, 7/1/1947); *Estado* (17/12/21); FERREIRA, M.
*República*; *Noite* (7/6/1919); *País* (25/7/1922; 23/11/1927;
28/3/1928); SOARES, E. *História*.
