**FONTES:** BALESTRERO, H. *Subsídios*; MORAES, P. *Dicionário*; *Estado
do Espírito Santo* (1890-1895); PEREIRA, A. *Homens*; SEC. EST. FAZ. ES.
Disponível em:
\<http://internet.sefaz.es.gov.br/institucional/historia.php\>; SENADO
\<www.senado.gov.br/senadores/senadores\_biografia.asp?codparl=1586&li=25&lcab=1900-1902&lf=25\>;
Wikipédia. Disponível em:
\<http://pt.wikipedia.org/wiki/Domingos\_Vicente\_Gon%C3%A7alves\_de\_Sousa\>.
Acesso em: 7/2010.
