**FONTES:** Arquivo Público do Estado da Bahia; ASSOC. FUNC. PUB. BA.
Disponível em: \<www.afpeb.com.br\>. Acesso em: 13/4/2009; CÂM. DEP.
*Deputados brasileiros*; *Diário Oficial do Estado da Bahia* (1923,
p.489-497); *Revista do Instituto Histórico e Geográfico Brasileiro*
(p.85, 1964); *Tarde* (29/5/1969, p.10). Falecimentos.
