**FONTES:** ARQ. GETÚLIO VARGAS; ASSEMB. NAC. CONST. 1934. *Anais*;
BLAKE, A. *Diccionário*; CAFÉ FILHO, J. *Do* s*indicato*; CÂM. DEP.
*Deputados*; CASCUDO, L. *História*; *Cronologia da Assembleia*;
FURTADO, J. *Vertentes*; GODINHO, V. *Constituintes*; *Grande encic.
Delta*; LEVINE, R. *Vargas*; LIMA, J. *Como*; MAIA, S. *Crônicas*;
PEIXOTO, A. *Getúlio*; POPPINO, R. *Federal*; SILVA, H. *1934*; SILVA,
H. *1935*; SILVA, R. *Bacharéis;* SOUSA, J. *Índice.*
