**FONTES:** ABRANCHES, J. *Governos* (v.1); ASSEMB. LEGISL. RJ.
*Inventário analítico.* Disponível em:
\<www.alerj.rj.gov.br/center\_arq\_cons\_munic\_link5.htm\>; Biblioteca
Virtual em Saúde Adolpho Lutz. Disponível em:
\<www.bvsalutz.coc.fiocruz.br/php/index.php\>; CÂM. DEP. *Deputados
brasileiros* (1826-1976); LEITE NETO, L. *Catálogo biográfico*; REIS, J.
*Rio* (v.3); SENADO. *Dados biográficos dos senadores do Rio de
Janeiro*; SENADO. Disponível em: \<www.senado.gov.br\>; *Senado
Federal*.
