**FONTES:**CÂM. DEP. *Deputados brasileiros*; *Diário da Bahia*.
(12/1/1930*,* p.6). Dr. Joaquim Pereira Teixeira; Projeto Memória. *Os
carros de Rui Barbosa* Disponível em:
\<www.projetomemoria.art.br/RuiBarbosa/variedades/carros\>. Acesso em:
5/3/2009; *Revista do Histórico e Geográfico Brasileiro* (n.263, p.74,
1964).
