**FONTES:** AMARAL, A. *Dicionário*; CALIMAN, A. *Legislativo*; *Correio
Paulistano* (30/9/1928); DEBES, C. *Tribunal*; DIAS, C. *Galeria*;
DUARTE, P. *Júlio Mesquita*; EGAS, E. *Galeria*; *Folha da Manhã* SP
(30/9/1928). FONSECA, A.; IGNÁCIO, A.; BRISOLLA, C. *São Paulo*;RIBEIRO,
A. Governantes; RIBEIRO, A. Governos; RIBEIRO, A. *Poder*; RIBEIRO, J.
*Chronologia*; SOARES JUNIOR, R. *Jorge Tibiriçá*; SENADO. *Dados
biográficos dos senadores de São Paulo.*
