**FONTES:** ASSEMB. LEGISL. RJ. Disponível em:
\<www.alerj.rj.gov.br/memoria/historia/gov88975.html\>. Acesso em:
6/11/2010; Casa de cultura Heloisa Alberto Torres. Disponível em:
\<http://casadeculturaheloisaalbertotorres.blogspot.com/\>. Acesso em:
18/11/2010; LEMOS, R. *Implantação*; LEMOS, R. *Política*; LIMA, A.
*Alberto*; LIMA SOBRINHO, A. *Presença*; *Mensagens do Presidente do
Estado do Rio de Janeiro*; RODRIGUES, L. *História*; SANTOS, M.
*Destruição*; LEMOS, R. *Implantação*; LEMOS, R. *Política*.
