**FONTES:** ARQ. HIST. *Senadores e deputados de Minas Gerais*.
Disponível em:
\<www.arquivohistorico-mg.com.br/deputadosesenadores.html\>. Acesso em:
4/5/2010; CÂM. DEP. *Deputados Brasileiros*; Geneall. *Comendadores da
Ordem de Nossa Senhora da Conceição de Vila Viçosa*. Disponível em:
\<www.geneall.net/U/tit\_page.php?id=25079\>. Acesso em: 20/5/2010;
VASCONCELOS, D. *História*; VEIGA, J. *Revista* (p.48-53).
