**FONTES:** ABRANCHES, J. *Governos*; CÂM. DEP. *Anais* (1905); CARONE,
E. *Primeira*. CARONE. E. *República*; DONATO, H. *Dicionário*;
*Encyclopedia e Diccionario Internacional* (v.II, p.1.236); *Jornal do
Brasil* (4/5/1905, p.1); LEMOS, R. *Benjamin*; MARIZ. C. *Apanhados*;
PENNA, L. *República*; SCHULZ, J. *Exército*; SENADO. *Anais*
(1890-1905).
