**FONTES:** ABRANCHES, J. *Governos*; BEVILAQUA, C. *História*;BULCÃO
SOBRINHO, A. *Histórico*; BULCÃO SOBRINHO, A. *Representantes* (n.263,
p.55-86, 1964); *Diário de Notícias*, Salvador. (5/5/1926). Dr. Demétrio
Tourinho; *Diário Oficial do Estado da Bahia.* 1923 (p.360); MATTOS, W.
*História* (p.129-131); MELLO, A*. Cartilha*; PARAÍSO NETO, J.
*Descendentes*; SAMPAIO, C. *1895-2005*; *Suma genealógica*;*Tarde*,
Salvador (12/10/1944). Dr. Eugênio Tourinho.
