**FONTES:** HERMES, J.; BASTO, M. *Limites*; LINS, A. *Rio Branco*;
OLIVEIRA, J. *Actos*; Relatório apresentado ao Presidente da República
dos Estados Unidos do Brasil pelo Ministro das Relações Exteriores
(1922-1925, 1928); RIO BRANCO, J. *Questões* (v.5); SOARES, A.
*História*; VIANA, H. *História*; VIANA FILHO, L. *Vida*.
