**FONTES:** COSTA, E. *Da monarquia*; DONATO, H. *Dicionário*;
*Encyclopedia e Diccionario Internacional* (v.14, p.11.844); *Jornal do
Brasil* (23/10/1902, p.2); LAGO, L. *Estado-Maior* (p.34); LAGO, L.
*Marechal*; LOPES, T.; TORRES, G. *Ministros* (p.136); MACCANN, F.
*Soldados*; MELLO, L.; FONSECA, M. *Laboratório*; MIN. GUERRA.
*Almanaque*; SUP. TRIB. MIL. *Ministros do STM* (1808-2011). Disponível
em:
\<www.stm.jus.br/institucional/ministros-desde-1808/minSTM1808\_2011.pdf\>.
Acesso em: 30/4/2011; VELHO SOBRINHO, J. *Dicionário* (v.2, p.316-317).
