**FONTES:** ABRANCHES, J. *Governos* (v.1); *Biblioteca Digital de
Literaturas de Língua Portuguesa*. Disponível em:
\<www.literaturabrasileira.ufsc.br/public/documentos/?id=209902\>;
BLAKE, A. *Diccionario* (v.2); CÂM. DEP. *Deputados brasileiros*;
COMISS. CONST. CENT. REP. PRIMEIRA CONST. REP*. Relatório*; DONATO, H.
*Dicionário*; DORATIOTO, F. *Maldita*; GUIMARÃES, A. *Diccionario*;
Histórico dos Navios Brasileiros. Disponível em:
\<http://naviosbrasileiros.com.br\>; SOUSA, J. *Índice.*
