**FONTES:** ARQ. GETÚLIO VARGAS; *Boletim Min. Trab*. (5/1936); BOUTIN,
L. *Dicionário*; BRAGA, S. *Quem foi quem*; CÂM. DEP. *Deputados*; CÂM.
DEP. *Deputados brasileiros*. Repertório (1946-1967); CÂM. DEP. *Relação
dos dep*.; Diário do Congresso Nacional; FLEISCHER, D. *Thirty*; *Grande
encic. Delta*; SPALDING, V. *Construtores*; TIMM, O.; GONZALEZ, E.
*Álbum*;TRIB. SUP. ELEIT. *Dados* (1 e 2).
