**FONTES:**ASSEMB. NAC. CONST. 1934. *Anais* (1); Boletim Min. Trab.;
CÂM. DEP. *Deputados*; Câm. Dep. seus componentes; Diário do Congresso
Nacional; Cronologia da Assembleia (11, 27, 28/6/1934); GODINHO, V.
*Constituintes*; GUIMARÃES, A. *Dicionário*; HIRSCHOWICZ, E.
*Contemporâneos*; Ilustração Brasileira (11/1922); LIRA, A. *Senado*;
MOREIRA, J. *Dicionário*; SILVA, H. *1935*.
