**FONTES:** ARAGÃO, A. *Bahia* (p.64); CARVALHO JUNIOR, A. *Conselheiro*
(p.157-158); *Diário da Bahia* (9, 13/7/1920). Falecimento do senador
Luis Viana; As condolências de Rui Barbosa à Bahia; SAMPAIO, C.
*Partidos* (p.69-76); SENADO. *Dados biográficos dos senadores da
Bahi*a; SENADO. Disponível em: \<www.senado.gov.br\>; SOUZA, A*.
Baianos*; Períodos Legislativos da Primeira República – 1890-1934.
Acesso em: 14/8/2005;*Tarde* (3/7/1913, 13/6/1917). Entrevista do
senador Luis Viana; A Senatoria e o senador Viana.
