**FONTES:** ABRANCHES, J. *Governos*; ABREU, A. *Dicionário* (p.6.030);
BEVILAQUA, C. *História*; BULCÃO SOBRINHO, A. *Famílias baianas*; BULCÃO
SOBRINHO, A. *Representantes* (n.263, p.55-86, 1964);*Diário da Bahia*
(5/1/1923)*.* O falecimento do Dr. Pedro Viana; *Diário Oficial do
Estado da Bahia* 1923 (p.481- 493); *Imparcial, Tarde* (5/1/1923).
Falecimentos; MELLO, A*. Cartilha*; SAMPAIO, C. *Partidos*; WIDBERGER,
A. *Presidentes*.
