**FONTES:** Leblon. *Guia de Ruas.* Disponível em:
\<http://leblon.com.br/pra-almbel.shtml\>. Acesso em: 10/2/2011; MAR.
BRAS. Disponível em: \<https://www.mar.mil.br/\>. Acesso em: 10/3/2011;
PLANALTO. Disponível em: \<www.planalto.gov.br/\>. Acesso em: 10/3/2011;
SENADO. Disponível em: \<www.senado.gov.br/\>. Acesso em: 10/2/2011;
SUP. TRIB. FED. Disponível em: \<www.stf.jus.br/\>. Acesso em:
10/3/2011; VELHO SOBRINHO, J. *Dicionário* (p.224-225).
