**FONTES:** ABRANCHES, J. *Governos*; Geneall. Disponível em:
\<www.geneall.net/P/forum\_msg.php?id=8353\>. Acesso em: 19/12/2011;
LAGO, L. *Supremo*; LEITE NETO, L. *Catálogo biográfico*; Notáveis.
Disponível em:
\<http://notaveisdafamilia.blogspot.com/2008/12/joo-pedro-belfort-vieira.html\>.
Acesso em: 19/12/2011; SENADO. Disponível em: \<www.senado.gov.br\>.
Acesso em: 19/12/2011.
