**FONTES:** ABRANCHES, J. *Governos*; *Bahia* (7, 8/7/1900). Dr. Jaime
Vilas Boas e Dr. Jaime Lopes Vilas Boas; BEVILAQUA, C. *História*;
BLAKE, A. *Diccionario* (v.4); BULCÃO SOBRINHO, A. *Representantes*
(n.263, p.55-86); *Cartas de Ontem*; *Correio de Notícias*
(10/7/1900).Dr. Jaime Vilas Boas; *Diário Oficial do Estado da Bahia*
(1923, p.360, p.481-493); MELLO, A*. Cartilha*; NASCIMENTO, W.; FONSECA,
J. *Baianos*; SAMPAIO, C. *Partidos*; SANTOS, M. *Sinopse* (p.24-27).
