**FONTES:**ARQ. GETÚLIO VARGAS; *Boletim Min. Trab*. (5/1936); BRAYNER,
F. *Verdade*; CÂM. DEP. *Deputados*; CISNEIROS, A. *Parlamentares*;
*Diário de Notícias* (26/5/1937); *Diário do Congresso Nacional*;
*Globo* (4/5/1985); GODINHO, V. *Constituintes*; LEITE, A. *Páginas*;
MENDONÇA, R. *Dicionário*; SENADO. *Anais* (1935); SENADO. *Relação*;
SENADO. *Relação dos líderes*; SILVA, G. *Constituinte*;SOUSA, J*.
Índice*.
