**FONTES:** GOV. AM. *Biblioteca Virtual do Amazonas*. Disponível em:
\<www.bv.am.gov.br\>. Acesso em: 28/2/2010; GOV. AM. *Casa Civil*.
Disponível em: \<www.casacivil.am.gov.br\>. Acesso em: 28/2/2010; SOUZA,
A.; MENEZES, A.; COELHO, J. *Amazônia*; TRIB. JUST. AM. Disponível em:
\<www.tjam.jus.br\>. Acesso em: 3/3/2010.
