**FONTES:** ABRANCHES, J. *Governos* (v.1); ABREU, B. *Esses*; BATALHA,
C. *Formação*; COMISS. CONST. CENT. REP. PRIM. CONST. REP. *Relatório*;
CÂM. DEP. *Deputados brasileiros*; DIR. PATR. HIST. DOC. MAR. Disponível
em: \<www.mar.mil.br/dphdm/sede.htm\>; SOUSA, J. *Índice*; VELHO
SOBRINHO, J. *Dicionário* (v.1, 2).
