*FONTES: Aciar. Disponível em:
\<www.aciar.com.br/noticias.asp?cod=173\>; Alfredo Condeixa Filho.
Disponível em:
\<www.ribeiraopreto.sp.gov.br/scultura/arqpublico/historia/i14biografias.htm\>;
PREF. RIBEIRÃO PRETO. Disponível em:
\<www.ribeiraopreto.sp.gov.br/principaln.php?pagina=/scultura/arqpublico/monumentos/i14m-96-fsbarreto.php\>.*
