**FONTES:** ABRANCHES, J. *Governos* (v.2, p.221-222); ASSEMB. LEGISL.
RJ. *Anais* (8/1892); CÂM. DEP. *Deputados brasileiros* (p.19); GOV. RJ.
Disponível em: \<www.governo.rj.gov.br/\>. Acesso em: 1/12/2010; GOV.
MG. Disponível em: \<www.mg.gov.br/\>. Acesso em: 1/12/2010; VELHO
SOBRINHO, J. *Dicionário* (v.1, p.349-350).
