**FONTES:** ARQ. PUB. PR. Disponível em:
\<www.arquivopublico.pr.gov.br/\>. Acesso em: 1/7/2010; CÂM. DEP.
*Deputados brasileiros* (p.175); NICOLAS, M. *Cem anos* (p.273); PREF.
CURITIBA. Disponível em: \<www.curitiba.pr.gov.br/\>. Acesso em:
21/6/2010; Rede Integrada de Recursos Humanos e Centro de Apoio
Educacional. Disponível em: \<www.redeceape.org/\>. Acesso em:
26/6/2010.
