**FONTES:** ABRANCHES, J. *Governos*; AMARAL, B. *Memória*; ARQ. PUB.
BA. Levantamento Geral dos Núcleos Documentais. Tribunal de Justiça.
Série: Testamento Particular; *Diário de Notícias* (20, 22/10/1906,
11/7/1906) Dr. César Zama; *Diário Oficial do Estado da Bahia* (n.86,
p.484-488); *Revista do Instituto Histórico e Geográfico Brasileiro*
(n.263, p.56); SAMPAIO, C. *Canudos* (p.31-85); SAMPAIO, C. *Partidos*
(p.59-82).
