**FONTES:** ABRANCHES, J. *Governos* (v.2, p.57-58); ARQ. PUB. PARANÁ.
Disponível em: \<www.arquivopublico.pr.gov.br/\>. Acesso em: 20/1/2010;
CÂM. DEP. *Deputados brasileiros* (p.175); GOV. EST. SANTA CATARINA.
Disponível em: \<www.sc.gov.br/\>. Acesso em: 20/1/2011; História do
Café no Brasil Imperial. Disponível em: \<www.brevescafe.oi.com.br/\>.
Acesso em: 20/1/2011; Palácio Olímpio Campos. Disponível em:
\<www.palacioolimpiocampos.se.gov.br/\>. Acesso em: 20/1/2010.
