**FONTES:** ACAD. BRAS. LETRAS. Disponível em: \<www.academia.org.br/\>;
Biblioteca Virtual de Literatura. Disponível em:
\<www.biblio.com.br/defaultz.asp?link=www.biblio.com.br/conteudo/biografias/clovisbevilaqua.htm\>.
Acesso em: 22/3/2010; E-biografia. Disponível em:
\<www.e-biografias.net/biografias/clovis\_bevilaqua.php\>; *Época*
(8/3/2010, p.124); UNIV. FORTALEZA. Disponível em:
\<www.unifor.br/index.php?option=com\_content&view=article&id=867:lancamento-de-livro-em-homenagem-a-clovis-bevilaqua&catid=3:eventos\>.
Acesso em: 8/4/2010.
