**FONTES:** ASSEMB. NAC. CONST. 1934. *Anais* (1); Boletim Min. Trab.
(5/36); CÂM. DEP. *Deputados*; Câm. dep. seus componentes; COUTINHO, A.
*Brasil*; *Cronologia a Assembleia*; Diário do Congresso Nacional;
GODINHO, V. *Constituintes*; *Grande encic. Delta*; HIRSHOWICZ, E.
*Contemporâneos*; VILAS BOAS, P. *Notas*.
