**FONTES:** BELTRÁN, C. *Exploración* (v.61); CARVALHO, C. *História;*
CORTESÃO, J. *Alexandre*; FERNANDES, F. *Institutions;* FIFER*, J.
Empire*; REIS, A. *Amazônia e a cobiça*; REIS, A. *Amazônia**que os
portugueses*; REIS, A. *Expansão*; REIS, A. *Limites*; REIS, A.
*Portugueses*; RICUPERO, R. *Rio**Branco;* SANTOS, R. *História* (v.3);
SERIER, J. *Barons*; STANFIELD, M. *Red*; TAMBS, L. *Rubber*
(p.254-273); WEINSTEIN, B. *Amazon.*
