**FONTES:**CONDAMINE, C. *Relation*; COOK, O. *Rubber* (p.406-407);
DEAN, W. *Brazil*; DRABBLE, J. *Rubber*; EATON, B. Raw; FERNANDES, F.
*Institutions*; GOODYEAR, C. *Gum-elastic*; HANCOCK, T. *Personal*;
JACKSON, J. *Thief*; JONES, F. *Early*; LUNN, R. *Vulcanisation*;
ROGERS, H. *Development*; SCHELL, W. *American* (p.217-254); *UK
Parliamentary Papers – Annual Statements of Trade (1870-1910*); *US
Trade and Navigation Reports (1870-1910)*; WICKHAM, H. *On the
plantation*;WOODRUFF, W. *Rise.*
