**FONTES:** ABRANCHES, J. *Governo*; ASSEMB. NAC. CONST. 1934. *Anais*;
*Boletim* *Min. Trab.* (5/1936); CÂM. DEP. *Relação nominal*; *Câm. dep.
seus componentes*; CONSULT. MAGALHÃES, B.; CONSULT. RAMOS, P.; Diário do
Congresso Nacional*;* FED. INDUSTRIAL DO RJ. *Relatório*; GODINHO, V.
*Constituintes*; *Ilustração Brasileira* (7/9/1922); MONTEIRO, N.
*Dicionário*; *Rev. Arq. Públ. Mineiro* (12/1976).
