**FONTES:** ABRANCHES, J. *Governos* (v.2); CALIMAN, A. *Legislativo*;
FONSECA, A; FONTES JUNIOR, A. *Câmara*; *Jornal Lince*. Disponível em:
\<www.jornalolince.com.br/2008/out/memoria/centenarios.php\>; LEME, L.
*Genealogia* (v.7); Estudossobre.com. Disponível em:
\<www.estudosobre.com/C%C3%A2mara\_do\_Congresso\_Legislativo\_do\_Estado\_de\_S%C3%A3o\_Paulo\>;Migalhas.
Disponível em:
\<www.migalhas.com.br/pintassilgo/mig\_pintassilgo.aspx?op=3&cod=21430&comarca=Guaratingueta\>;
Novo Milênio. Disponível em:
\<www.novomilenio.inf.br/santos/h0300g3h.htm\>.
