**FONTES:** ABRANCHES, J. *Governos* (v.2); CÂM. DEP. *Deputados
brasileiros;* CÂM. MUN. OSASCO. Disponível em:
\<www.camaraosasco.sp.gov.br/osasco/historia/index8.htm\>; *Folha da
Noite* (19/2/1921); LEME, L. *Genealogia***;** Memoria viva. Disponível
em:
\<www.memoriaviva.org.br/default.asp?id=1&mnu=1&ACT=5&content=1244\>.
