**FONTES:** CAM. DEP. *Deputados brasileiros* (p.166); MONTEIRO, N.
*Dicionário.* (v.1 e 2, p.105, 108-111; 499-500); MOURA, A. *Força*;
PLANALTO. Disponível em: \<www.planalto.gov.br/\>. Acesso em: 12/9/2010;
PREF. BUENO BRANDÃO. Disponível em:
\<www.buenobrandao.com.br/novosite/\>. Acesso em: 12/9/2010; SENADO.
Disponível em: \<www.senado.gov.br/\>. Acesso em: 12/9/2010.
