**FONTES:** ABRANCHES, J. *Governos*; ABREU, A. *Judiciário*; CÂM. DEP.
*Anais* (1891,1900-1902, 1924); CONG. CONST. DA REP*. Anais* (1924);
DANTAS, L. *Dr. Joaquim*; *Fluminense* (28/6/1912, p.1). *História do
Café no Brasil Imperial*. Disponível em:
\<www.brevescafe.oi.com.br/bio\_jofilho.htm\>. Acesso em: 27/2/2011;
*Jornal do Comércio* (28/6/1912, p.4).
