**FONTES:** ARTIGA, Z. *História*; *História em Goiás (n.6).* Canedo, o
primeiro senador por Goiás; LISITA JUNIOR, C. *Dicionário*; Projeto de
imagem de publicações oficiais brasileiras do Center for Research
Libraries e Latin-american Microfilm Project. *Mensagens dos Presidentes
de Província (1830-1930).* Disponível em:
\<www.crl.edu/content.asp?l1=4&l2=18&l3=33\>. Acesso em: 8/1/2009.
*Veja* (18/6/1986) Disponível em:
\<http://74.125.93.132/search?q=cache:19ciBJEy78cJ:veja.abril.com.br/idade/exclusivo/reforma\_agraria/arquivo/180686.html+Edenval+Ramos+Caiado&cd=5&hl=pt-BR&ct=clnk\>.
Acesso em: 18/9/2009.
