**FONTES:** ABREU, A. *Dicionário* (v.1, p.945/946); ARAGÃO, A. *Bahia*
(p 259); BITTENCOURT, E. *Memória*; BUENO, A; BARATA, C. *Dicionário*;
BULCÃO SOBRINHO, A. *Representantes* (p.55-86); CASTRO, R. *Fundadores*
(p.50/51); *Era Nova* (28/9/1931). Faleceu ontem o dr. Antonio Calmon;
*Governadores do Estado da Bahia*; MATTOS, S. *Jorge*; MATTOS, W.
*História* (p.129-131); MARTINS, T; SILVA, N. *Contribuição* (p.77-79);
MENEZES, J. *Família* (p.125-168); SAMPAIO, C. *Partidos* (p.128/129);
*Suma genealógica.*
