**FONTES:** CALMON, P. *Vida*; *Governadores do Estado da Bahia*;
MEIRELES, E. *J.J. Seabra*; MELLO, A. *Cartilha*;*Revista da Fundação
Pedro Calmon* (ano 6, n.6, p.187-195, 2001); SAMPAIO, C. *Partidos*;
*Jornal da Bahia*. Centenário dos ex-governadores (p.3); Wikipédia.
Disponível em: \<http://pt.wikepedia.org/wiki/gG/\_Calmon\>.
