**FONTES:** ABRANCHES, J. *Governos*; ALMEIDA, A. *Dicionário*; ALMEIDA,
A*. Vultos*; BELEZA, N. *Evolução*; *Diário Carioca* (23/10/1959);
GUIMARÃES, A. *Dicionário*; INST. HIST. GEOG. BRAS.
*Dicionário*;*Jornal* (25/9/1927 e 25/4/1934); *Jornal do Comércio*, Rio
(6/5/1934, 22/11/1943 e 22/11/1953); LEITE, A. *História*; LOPES, T.
*Ministros*; MENESES, R. *Dic*.; NABUCO, C. *Vida*; OLIVEIRA, M.
*História*;*Ordem*; *Pandiá*; PESQ. F. BARBOSA; *Rev. Arq. Públ.
Mineiro*; RIBEIRO FILHO, J. *Dicionário*; SILVA, H. *1922*.
