FONTES: BULHÕES, A. *Ministros*; CÂM. DEP. Disponível em:
\<www.camara.gov.br\>; CARDOSO, F. *Dos governos* (p.14-50); CINTRA, F.
*Bernardino*; GRINBERG, K. *Código*; MIN. FAZENDA. Disponível em:
\<www.fazenda.gov.br\>; MIN. FAZ. *Ministros* (1808-1983); SANTOS, J.
*Bernardino*; SENADO. Disponível em: \<www.senado.gov.br\>; SOUZA, M.
*Processo* (p.162-226).
