**FONTES:** AMARAL, A. *Dicionário*; *Annuario Theatral
Argentino-Brasileiro* (1926); ASSEMB. LEGIS. SP. *Anais* (1895, 1902);
CALIMAN, A. *Legislativo*; CÂM. DEP. *Anais* (v.15); *Correio
Paulistano* (30/4/1924, 28/4/1927); *Folha da Manhã.* (28/4/1927);
GONÇALVES, A. *Dicionário* (v.2 e 3); RIBEIRO, J. *Chronologia*; SILVA,
E; EWIGKEIT, J. *Precursores*; VAMPRÉ, S. *Memórias.*
