**FONTES:** CÂM. DEP. *Anais.* Disponível em: \<www2.camara.gov.br/\>;
DANTAS, J. *História*; GUARANÁ, M. *Dicionário*;LEITE NETO, L. *Catálogo
biográfico* (v.4); MATTOSO, P. *Supremo Tribunal*; MELLO FILHO, J.
*Notas*; SENADO. Disponível em:
\<www.senado.gov.br/sf/senadores/senadores\_periodos\_historicos\>; SUP.
TRIB. FED. Disponível em: \<www.stf.gov.br\>.
