FONTES: Arquivo histórico*. Senadores e deputados de Minas Gerais*.
Disponível em:
\<www.arquivohistorico-mg.com.br/deputadosesenadores.html*\>*. Acesso
em: 4/5/2010; CÂM. DEP. *Deputados brasileiros*; Genealogia mineira.
Disponível em: \<www.geneaminas.com.br/genealogia-mineira/pessoa.asp?\>.
Acesso em: 19/7/2010; HORTA, C. *Famílias*; Política Brasileira*.
Elpídio Martins Canabrava.* Disponível em:
\<www.politicabrasileira.ufsc.br/Consulta/Autor\_nav.php?autor=93?94\>.
Acesso em: 19/7/2010
