**FONTES:** BALHANA, A.; MACHADO, B; WESTPHALEN, C. *História*; CASA
CIVIL DO ESTADO DO PARANÁ. Disponível em:
\<www.casacivil.pr.gov.br/casacivil/modules/conteudo/conteudo.php?conteudo=19\>;
COSTA, S. *História*; GUARANÁ, M. *Dicionário*; INST. HIST. GEO. BRAS.
Disponível em: \<www.ihgb.org.br/acervo311.php?f=ACP000074\>. Acesso em:
19/8/2010; MUS. MAÇÔNICO PARANAENSE. Disponível em:
\<www.museumaconicoparanaense.com/MMPRaiz/MMP\_ImagensAbertura/AcademiaPML/Patro-10.htm\>.
Acesso em: 19/8/2010.
