**FONTES:** ABRANCHES, J. *Governos* (v.2); CALIMAN, A. *Legislativo*;
CÂM. DEP. *Deputados brasileiros*; Duplipensar. Disponível em:
\<www.duplipensar.net/dossies/historia-das-eleicoes/presidente-hermes-da-fonseca.html\>;
FONSECA, A; FONTES JUNIOR, A. *Câmara*; SOC. BRAS. HIST. DA MEDICINA.
Disponível em: \<www.sbhm.org.br/index.asp?p=medicos\_view&codigo=162\>;
TRIB. CONT. UNIÃO. *Ministros do Tribunal.*
