**FONTES:** Boletim Min. Trab. (5/1936); CÂM. DEP. *Deputados*; Câm.
Dep. seus componentes, CONSULT. MAGALHÃES, B.; *Encic. Mirador*;
GODINHO, V. *Constituintes*; *Grande encic. Delta*; HIRSCHOWICZ, E.
*Contemporâneos* (1949); *Jornal do Brasil* (23, 24/2/1954, 14/4/1976,
14, 20/4/1977, 18/9/1980); *Tribuna da Imprensa* (19/2/1954).
