**FONTES:** ARQ. CLUBE 3 DE OUTUBRO; Boletim Min. Trab. (5/1936); CÂM.
DEP. *Deputados*; CARNEIRO, G. *História*; CISNEIROS, A.
*Parlamentares*; CORTÉS, C. *Homens*; COUTINHO, A. *Brasil*; Diário do
Congresso Nacional; *Encic. Mirador*; ENTREV. BIOG.; *Grande encic.
Delta*; HIRSCHOWICZ, E. *Contemporâneos*; *Jornal do Brasil*
(16/10/1966, 21/7/1977); NÉRI, S. 16; *Perfil*; PINTO, L. *Fundamentos*;
POPPINO, R. *Federal*; *Quem*; Rui; SENADO. *Dados biográficos dos
senadores*; SENADO. Endereços; SENADO. *R**elação*; SOUSA, J. Índice;
Súmulas; VIANA FILHO, L. *Governo*.
