**FONTES:** AZEVEDO, A; FONSECA, A*. Câmara*; *Diário Oficial do Estado
de São Paulo* (17/8/1976, p.66-67); *Folha da Manhã* (6/1/1954); Jaú
fatos e fotos. Disponível
em:*\<*http://jaufatosefotos.br.tripod.com/recursoshumanossaudepublica.htm\>,
\<http://jaufatosefotos.br.tripod.com/de1901ate1950.htm\>; MIRANDA, C.;
DABAT, C. *Memórias*.
