**FONTES:** *Folha da Manhã* (27/4/1933); FONSECA, A; FONTES JR., A.
*Senado*; LEITE NETO, L *Catálogo biográfico* (v.1, p.11-13); Primeiro
Oficial de Registro de Imóveis. Disponível em:
\<www.primeirosp.com.br/historico.htm\>; Raízes judaicas do Brasil.
Disponível em:
\<http://newsgroups.derkeiler.com/Archive/Soc/soc.culture.brazil/2007-02/msg00117.html\>;
SENADO. Disponível em:
\<www.senado.gov.br/senadores/senadores\_biografia.asp?codparl=1394&li=32&lcab=1921-1923&lf=32\>.
