**FONTES:** ABRANCHES, J. *Governos*; CÂM. DEP. *Deputados brasileiros*;
Levantamento Nominal dos Formados de 1812 a 2008 da Faculdade de
Medicina da Bahia. Disponível em:
\<www.fameb.ufba.br/index.php?option=com\_docman&task=doc\_download&gid=2&Itemid=138\>.
Acesso em: 26/7/2011; Serigy. Disponível em:
\<http://iaracaju.infonet.com.br/serigysite/ler.asp?id=158&titulo=Chefes\_de\_Estado\>.
Acesso em: 26/7/2011.
