**FONTES:** ASSEMB. LEGISL. AMAZONAS: Disponível em:
\<www.aleam.gov.br\>. Acesso em: 10/8/2010; Biblioteca Virtual Gov.
Amazonas. Disponível em: \<www.bv.am.gov.br\>. Acesso em: 10/8/2010;
BITTENCOURT, A. *Dicionário*; CASA CIVIL. GOV. AMAZONAS. Disponível em:
\<www.casacivil.am.gov.br\>. Acesso em: 10/8/2010.
