**FONTES:** ARQ. GETÚLlO VARGAS; CARNEIRO, G. *História*;CONSULT.
MAGALHÃES, B.; *Grande encic. Delta*; HIRSCHOWICZ, E. *Contemporâneos*
(1945); *Jornal do* *Comércio* (14/12/1950); LAGO, L. *Generais*;LOPES,
T. *Ministros*; MACEDO, R. *Efemérides*; MIN. GUERRA. *Almanaque* (1931
e 1932); NICOLAS, M. *Cem anos*; PEIXOTO, A. *Getúlio*;
*Personalidades*; WANDERLEY, N. *História.*
