**FONTES:** ARQ. HIST. *Senadores e deputados de Minas Gerais*.
Disponível em:
*\<*www.arquivohistorico-mg.com.br/deputadosesenadores.html*\>*. Acesso
em: 7/8/2010; ARRUDA, M. *Mitologia*; BARBOSA, W. *História*; *Bio.*
Teotônio de Magalhães Castro. Disponível em:
*\<*www.flogao.com.br/serromg/37537174\>. Acesso em: 19/10/2010;
BRISKIEVICZ, D. *Arte*; CÂM. DEP. *Deputados Brasileiros*; HORTA, C.
*Famílias* (p.111-142); NOGUEIRA, G. *Genealogias*; VASCONCELOS, D.
*História*; VEIGA, J. *Revista.*
