**FONTES:** ABRANCHES, J. *Governos* (v.2); AMARAL, B. *Elogio*
(p.130-135); BLAKE, A. *Diccionario* (v.1); BULCÃO SOBRINHO, A.
*Histórico*; BULCÃO SOBRINHO, A. *Representantes* (p.55-86); CALMON, P.
*História* (p.2.056/2.057); CERQUEIRA, P. *General* (p.30-63); *Gazeta
do Povo, Diário da Bahia, Diário de Notícias* (17,18/2/1910).
Falecimento do general Dionísio Cerqueira; PRAZERES, O. *Bahia*; PRES.
REP. *Governos* (p.27,28,40); SOUZA, A. *Baianos* (p.171-172).
