**FONTES:** BENCHIMOL, J.; TEIXEIRA, L. *Cobras*; CHAGAS, C.
*Discursos*; CHAGAS FILHO, C*. Meu pai*; FUND. OSWALDO CRUZ.
*Biblioteca*; FUND. OSWALDO CRUZ. *Fundo*; HOCHMAN, G. *Era*;KROPF, S.
*Doença*; KROPF, S.; HOCHMAN, G. *Chagas* (v.1); KROPF, S.; LACERDA, A.
*Carlos Chagas*; KROPF, S.; SÁ, M. *Discovery*; PRATA, A.; SANT’ANNA, E.
*Carlos Chagas*; STEPAN, N. *Gênese.*
