**FONTES:** *Arquivo Público Mineiro* (v.1, p.3-21); ARRUDA, J.
*Escola*; CAM. DEP. *Constituição de 1891*. Disponível em:
\<http://bd.camara.gov.br\>. Acesso em: 29/6/2010; FIGUEIREDO, V.
*Parentel*a; SENADO. Períodos Legislativos da Primeira República -
1900-1902: Antonio Gonçalves Chaves Junior Disponível em:
\<www.senado.gov.br/senadores/senadores\_biografia.asp?codparl=1438&li=25&lcab=1900-1902&lf=25\>.
Acesso em: 29/6/2010.
