**FONTES:** ABRANCHES, J. *Governos* (v.2); Dicionário de ruas.
Disponível em: \<www.dicionarioderuas.com.br/\>; FUND. EN. SAN.
Disponível em:
\<www.energiaesaneamento.org.br/noticias/detalhe.php?uidn=54\>; *Jornal
Campos do Jordão*. Disponível em:
\<www2.uol.com.br/jornaldecampos/497/prev.htm\>; Pindavale. Disponível
em: \<www.pindavale.com.br/filhosilustres/eloychaves.asp\>; Requerimento
n^o^ 151/1964, aprovado na Assembleia Legislativa de São Paulo.
