**FONTES:** ARQ. FAM.; ARQ. PUB. DF. Disponível em:
\<www.arpdf.df.gov.br/005/00502001.asp?ttCD\_CHAVE=9982&btImprimir=SIM\>.
Acesso em: 13/6/2011; Biblioteca digital jurídica. Disponível em:
*\<*http://bdjur.stj.gov.br/xmlui/handle/2011/20157\>. Acesso em:
13/6/2011; CÂM. DEP. *Deputados brasileiros*; FUND. JOAQUIM NABUCO.
Disponível em:
\<http://basilio.fundaj.gov.br/pesquisaescolar/index.php?option=com\_content&view=article&id=202&Itemid=193\>.
Acesso em: 13/6/2011; NASCIMENTO, L. *História* (v.2, 3, 6).
