**FONTES:**ALENCAR, C. *Alexandrino*;BLAKE, A. *Diccionario* (v.1,
p.51); MAR. BRAS.Disponível em: \<www.mar.mil.br/\>. Acesso
em:13/3/2001; PLANALTO. Disponível em: \<www.planalto.gov.br/\>.Acesso
em: 13/3/2011; SENADO. Disponível em:\<www.senado.gov.br/\>. Acesso em:
13/3/2011; TRIB.MIL. Disponível em: \<www.stm.jus.br/\>. Acessoem:
13/3/2011. VELHO SOBRINHO, J. (v.1,p.198).
