**FONTES:** LEITE NETO, L. *Catálogo biográfico*; Projeto de imagem de
publicações oficiais brasileiras do Center for Research Libraries e
Latin-american Microfilm Project. *Mensagens dos Presidentes de
Província (1830-1930).* Disponível em:
\<www.crl.edu/content.asp?l1=4&l2=18&l3=33\>. Acesso em: 8/1/2009;
SENADO. Disponível em:
\<www.senado.gov.br/sf/senadores/senadores\_biografia.asp?codparl=1998&li=23&lcab=1894-1896&lf=23\>.
Acesso em: 30/1/2009.
