**FONTES:** ABRANCHES, J. *Governos* (v.1,2);CÂM. DEP. *Deputados
brasileiros*; FRANCO, S. *Dicionário*;FRANCO, S. *Júlio*; PESAVENTO, S.
*Assembleia*;5^o^ Regimento de Cavalaria/ Cavalariada Legião de Tropas
Ligeiras. Disponívelem: \<www.5rcmec.eb.mil.br/historico.html\>;
SILVEIRA,A. *Enciclopédia* (t.1); SOUSA. J. *Índice*; TRINDADE,H.; NOLL,
M. *Subsídios.*
