**FONTES:** *Bol. Inf. Club. Eng.* (1 – 6, 9/1985, 1, 4 – 8, 12/1990);
CACHAPUZ, P. *Debates*; CLUBE DE ENGENHARIA. Disponível em:
\<www.clubedeengenharia.org.br/fev05\_Seculo.htm\>. Acesso em:
19/6/2010; CORTÉS, C. *Homens*; CURY, V. *Inventores*; *Engenharia em
Revista* (10/1993, 6/1994, 5/1996); ENTREV. AGOSTINHO GUERREIRO;
HONORATO, C. *Clube*; *Jornal Club. Eng.* (6, 7/1991, 2, 4 - 6, 9 -
12/1992, 1 - 4, 8 - 12/1993, 10 - 12/1997, 2/1998); REBOUÇAS, A.
*Diários*;*Rev. Clube de Engenharia* (1968, 12/1979, 3, 5 - 6/1982, 3-4,
5-6/1984).
