**FONTES:** *Boletim do Clube Naval* (1-3/1964); CLUBE NAVAL. Disponível
em: \<www.clubenaval.com.br/Historia.htm\>. Acesso em: 16/7/2010; COL.
BRAS. DE GENEALOGIA. Disponível em:
\<www.cbg.org.br/arquivos\_genealogicos\_m\_07.html\>. Acesso em:
17/7/2010; *Globo* (11/6/1984); KUPPER, A. *Cem*; MATHIAS, H*.
História*; *Revista do Clube Naval* (n.286-295, 303,304).
