**FONTES:** BROCA, B. *Vida*; CANDIDO, D. *Último*; COELHO NETTO, P.
*Coelho Netto*; COELHO NETTO, P. *Coelho Netto e os esportes*;
FERNANDEZ, R. *Fluminense*; LIGA DA DEF. NAC. Disponível em:
\<www.ligadadefesanacional.org.br/principal.htm\>. Acesso em: 26/1/2011;
SEVCENKO, N. *Literatura*; Tigre de fogo. Disponível em:
\<http://tigredefogo.wordpress.com/2007/11/30/vencedores-do-premio-nobel-de-literatura/\>.
Acesso em: 26/1/2011.
