**FONTES:** ABRANCHES, J. *Governos*; ACAD. NAC. MED. Disponível em:
\<www.anm.org.br/\>; BLAKE, A. *Diccionario* (v.2); CÂM. DEP. *Deputados
brasileiros*; COMISS. CONST. CENT. REP. PRIM. CONST. REP. *Relatório*;
GIFFONI, O. *Dicionário*; LEITE NETO, L. *Catálogo biográfico*; SENADO.
*Dados biográficos dos senadores do Rio de Janeiro*; SENADO. Disponível
em: \<www.senado.gov.br\>; SOUSA, J. *Índice*.
