**FONTES:** ASSEMB. LEGISL. AMAZONAS. Disponível em:
\<www.aleam.gov.br/Institucional/AIGaleria\_Presidentes.asp\>. Acesso
em: 10/3/2011; BITTENCOURT, A. *Dicionário*; LEITE NETO, L. *Catálogo
biográfico* (v.3, p.1.403-1.404); SENADO. Disponível em:
\<www.senado.gov.br/senadores/senadores\_biografia.asp?codparl=1852&li=22&lcab=1891-1893&lf=22\>.
Acesso em: 10/3/2011.
