**FONTES:** ARAÚJO, L*. Oscar*; BIOG.Antônio Almeida. Disponível em:
\<[www.pgr.mpf.gov.br/](http://www.pgr.mpf.gov.br/)procurador-geral/galeria/biografia-de-antonio-augusto-ribeiro-de-almeida\>.Acesso
em: 17/4/2010; GENEALL. António AugustoRibeiro de Almeida. Disponível
em:
\<[www.geneall.net/P/per\_page.php?id=572038](http://www.geneall.net/P/per_page.php?id=572038)\>.Acesso
em: 17/4/2010; MATTOSO, P. *Supremo*;MELLO FILHO, J.*Notas*; PINHEIRO,
L. *Civilização*; RODRIGUES, L.*História do Supremo* (t.I); SUP. TRIB.
FED. Disponívelem*:*
\<[www.stf.jus.br/portal/ministros](http://www.stf.jus.br/portal/ministros)\>;
VEIGA, J. *Revista.*
