**FONTES:** BARBOSA, R. *Discursos* (v.34, t.1); BARBOSA, R. *Segunda*
(v.34, t.2); BOBBIO, N. *Problema*; CARDIM, C. *Raiz*; CUNHA, P.
*Diplomacia*; LACOMBE, A. *Rio Branco*; LAIDLER, C. *Segunda*;
LAMOUNIER, B. *Rui Barbosa*; MELLO, R. *Textos*; OCTAVIO, R. *Minhas
memórias*; *Pandiá*; PEREIRA, B. *Figuras*; ROSENNE, S. *Hague*; STEAD,
W. *Brasil*; TUCHMAN, B. *Torre*.
