**FONTES:** BUENO, C. *Da pax*; Carnegie Endowment for International
Peace. *Conferences*; Carnegie Endowment for International Peace.
*International*; DENNISON, S. *Joaquim Nabuco*; FAGG, J. *Pan
Americanism*; INMAN, S. *Inter-American*; LOCKEY, J*. Pan-Americanism*;
SANTOS, L. *Brasil*; SMITH, J. *Unequal*;WHITAKER, A. *Western*.
