**FONTES:** ARRUDA, P. *Imperialismo*; BALEEIRO, A. *Constituições*;
CARDOSO, F. *Governos* (v.1); CARONE, E. *Primeira*; CARONE, E.
*República velha*; CARVALHO, J. *Cidadania*; CARVALHO, J.
*Bestializados*; FAUSTO, B. *História*; LEITE, F. *1891*; MAXIMILIANO,
C. *Comentários*; MILTON, A. *Constituição*; SILVA, P. *Insígnias*;
SOUZA, M. *Processo*; TRINDADE, S. *Constituição* (v.3).
