**FONTES:** ARQ. GETÚLIO VARGAS; Boletim Min. Trab. (5/1936); CÂM. DEP.
*Deputados*; Câm. Dep. seus componentes; CARONE, E. *República nova*;
CASCUDO, L. *História*; CONSULT. MAGALHÃES, B.; *Cronologia da
Assembleia*; *Encic. Mirador*; GODINHO, V. *Constituintes*; *Grande
encic. Delta*; Ilustração Brasileira (11/12); LIRA, A. *Senado*;
PEIXOTO, A. *Getúlio*; *Rev. Clube de Engenharia*.
