**FONTES:**ABRANCHES, J. *Governos* (v.1);CÂM. DEP. *Deputados
brasileiros*; Projeto de imagemde publicações oficiais brasileiras do
Centerfor Research Libraries e Latin-american MicrofilmProject.
Mensagens *dos Presidentes de Província (1830-1930).* Disponívelem:
\<www.crl.edu/content.asp?l1=4&l2=18&l3=33\>. Acessoem: 8/1/2009.
