**FONTES:** ABRANCHES, J. *Governos* (v.1, 2); ABREU, A. *Dicionário
histórico-biográfico brasileiro pós-1930*. Partido Republicano
Rio-Grandense (verbete temático). Disponível em:
\<www.fgv.br/CPDOC/BUSCA/Busca/BuscaConsultar.aspx\>. Acesso em:
14/5/2011; CÂM. DEP. *Deputados brasileiros*; COSTA E SILVA, R. *Notas*;
Família Martins Costa. Disponível em: \<www.martinscosta.org\>. Acesso
em: 14/8/2011; FERREIRA FILHO, A. *História*; FRANCO, S. *Dicionário*;
SÁ, M. *Politização*.
