**FONTES:**ASSEMB. LEGISL. *Anai*s (1911);ASSEMB. LEGISL. *Anais*
(1917); CÂM. DEP. *Deputados brasileiros*; COL. BRAS. GENEALOGIA.
Disponívelem: \<www.cbg.org.br/arquivos\_genealogicos\_r\_02.html\>;
MELLO,M. *Parlamento*; Núcleo de Memória PolíticaCarioca e Fluminense.
Disponível em: \<www.alerj.rj.gov.br /memoria /historia\>; Prefeitura
Municipalde Piraí. Disponível em:
\<www.pirai.rj.gov.br/web/page/historia9.asp\>;SEBRAE-RJ. Caminhos do
Café. Roteiros eVestígios. Disponível em:
\<www.sebraerj.com.br/custom/pdf/cam/cafe/06\_CaminhosDoCafe-RoteirosEVestigios.pdf\>.
