**FONTES:**Arq. Públ. do Estado da Bahia (4/5/2009). Inventario do
Coronel Frederico Augusto da Costa, 1933; BULCÃO SOBRINHO, A.
*Relembrando* (p.21-23); *Diário Oficial do Estado da Bahia*;
*Governadores do estado da Bahia*; SAMPAIO, C. *Partidos* (p.177-224);
*Tarde* (30/5/2008). Vila Laura: e da fazenda fez-se o bairro.
