**FONTES:** ABRANCHES, J. *Governos* (v.1, 2); ABREU, A. *Dicionário
histórico-biográfico brasileiro pós-1930*. Partido Republicano
Rio-Grandense (verbete temático). Disponível em:
\<www.fgv.br/CPDOC/BUSCA/Busca/BuscaConsultar.aspx\>. Acesso em:
14/5/2011; BAKOS, M. *Júlio*; BLAKE, A. *Diccionario*; CÂM. DEP.
*Deputados brasileiros*; FÉLIX, L. *Coronelismo*; FRANCO, S.
*Dicionário*; FRANCO, S. *Júlio*; FRANCO, S. *Gaúchos.*
