**FONTES:** ABRANCHES, J, *Governos* (v.1,2); ABREU, A. *Dicionário
histórico-biográfico brasileiro pós-1930*.Partido Republicano
Rio-grandense (verbete temático);CÂM. DEP. *Deputados brasileiros*;
ESCOBAR, W.*Apontamentos*; FLORES, H. *Revolução*; FLORES, M.;FLORES, H.
*Rio Grande do Sul*; FRANCO, S. *Dicionário*;FRANCO, S. *Gaúchos*;
FRANCO, S. *Júlio*;NEVES, I. *Domingos*; PESAVENTO, S.
*Assembleia*;REVERBEL, C. *Maragatos*; SILVEIRA, A. *Enciclopédia*
(t.1); SOUSA, J. *Índice*; TRINDADE, H.;NOLL, M. *Subsídios*; VIDAL, J.
*República.*
