**FONTES:** ARQ. GETÚLIO VARGAS; CARONE, E. *República nova*; CONSULT.
MAGALHÃES, B.; CORREIA FILHO, V. *História*; CORRESP. GOV. EST. MT;
*Diário de* *Notícias,* Rio (14/9/1937); FANAIA, J. *Elites*; *Grande
encic. Delta*; MENDONÇA, R. *Dicionário*; MENDONÇA, R.*História*;
PEIXOTO, A. *Getúlio*; POPPINO, R. *Federal*; PÓVOAS, N*.
Galeria*;SILVA, H. *1937.*
