**FONTES:** BULCÃO SOBRINHO, A. *Representantes* (p.55-86); BULCÃO
SOBRINHO, A. *Relembrando* (p.21-23); *Diário de notícias* (19/6/1941).
Falecimentos; *Diário Oficial do Estado da Bahia*; Governadores do
Estado da Bahia; MELLO, A. *Cartilha*; SAMPAIO, C. *Partidos*; *Tarde*
(31/12/1932). Coronel Frederico Costa.
