**FONTES:** ARQ. HIST. EX. Fé de Ofício (caixa 3, pasta 5, Ministro da
Guerra); CÂM. DEP. *Anais* (1 – 29/12/1904, v.8, p.183-185); FRAGOSO, A.
*História*; G. Ermakoff Arquivo de Imagens. Disponível em:
\<www.ermakoff.com.br/banco/displayimage.php?album=lastup&cat=0&pos=3\>;
*Jornal do Comércio*, RJ. (9/12/1904, p.1); LEMOS, R. *Benjamin*; MOYA,
S. *Anuário*; PORTO ALEGRE, A. *Homens*; TORRES, F. *Ministros*; VELHO
SOBRINHO, J. *Dicionário* (v.2).
