**FONTES:** ASSEMB. LEGIS. ES. *Anais* (1905); CÂM. DEP. *Intervenção*
(v.4); *Comércio do Espírito Santo* (1896); COUTINHO, Henrique da Silva.
*Mensagem apresentada ao Congresso Legislativo (*1904-1908,11/9/1905,
9/10/1906); *Estado do Espírito Santo* (1890-1894; *Jornal Oficial*
(1905-1907); MORAES, P. *Dicionário*; 1897-1900); PEREIRA, A. *Homens*;
SENADO. *Dados biográficos*; VASCONCELOS, J. *Governos.*
