**FONTES:** *Democrata.* Despedida. Dr. José Álvaro Cova; *Diário da
Bahia*. Faleceu, ontem, o deputado Álvaro Cova – dados biográficos do
político; *Diário de Noticias.* A morte do deputado Álvaro Cova; *Diário
oficial do Estado da Bahia*; *Gazeta do Povo* (29/3/1912). Dr. Álvaro
Cova; *Imparcial*. Dr. José Álvaro Cova - seu falecimento, *Rev. Inst.
Hist. Geog. Bras.* (p.79-83, 1964); MATTOS, W. *História*; MELLO, A.
*Cartilha*; SOUZA, A. *História* (p.371-372); *Tarde.* O Sr. Cova também
foi… (5, 6/4/1926, 5, 6/5/1926).
