**FONTES:**Coronel Roberto. Disponível em:
\<http://catadordepapeis.blogspot.com/2010/12/os-cinemas-de-manaus-v.html\>.Acesso
em: 7/4/2011; GOV. AM. Casa Civil.Disponível em:
\<www.casacivil.am.gov.br/programas\_02.php?cod=2223\>.Acesso em:
31/3/2011 e 7/4/2011; IBGE.Disponível em:
\<www.ibge.gov.br/cidadesat/painel/painel.php?codmun=130100\#\>.Acesso
em: 7/4/2011; Município de Caruari.Disponível em:
\<www.carauari.am.gov.br/portal1/municipio/historia.asp?iIdMun=100113017\>.Acesso
em: 31/3/2011 e 7/4/2011.
