**FONTES:** Biblioteca Virtual do Amazonas. Disponível em:
\<www.bv.am.gov.br\>. Acesso em: 21/2/2010; CASA CIVIL AMAZONAS.
Disponível em: \<www.casacivil.am.gov.b\>; SOUZA, A.; MENEZES, A.;
COELHO, J. *Amazônia*; Acesso em: 28/2/2010; TRIB. JUST. AMAZONAS.
Disponível em: \<www.tjam.jus.br\>. Acesso em: 28/2/2010.
