**FONTES:** ARQ. PUB. PARANÁ. Disponível em:
\<www.arquivopublico.pr.gov.br/\>. Acesso em: 22/6/2010; CAM. DEP.
*Deputados brasileiros* (p.77); CASA CIVIL DO PARANÁ. Disponível em:
\<www.casacivil.pr.gov.br/\>. Acesso em: 2/6/2010; NICOLAS, M. *Cem*
(p.245-246); PREF. MUN. CURITIBA. Disponível em:
\<www.curitiba.pr.gov.br/\>. Acesso em: 22/6/2010.
