**FONTES:** *Boletim Min. Trab*.; CAGGIANI, I. *Município*; Diário do
congresso nacional; ENTREV. PEIXOTO, A.; HIRSCHOWICZ, E.
*Contemporâneos*; INF. FAM.; LEVINE, R. *Vargas*; RACIOPPI, V.
*Estudantes*; SENADO. *Anais* (1935); SILVA, H. *1930*; SILVA, H.
*1935*; SILVA, H. *1937*;TIMM, O; GONZALEZ, E. *Ál**bum.*
