**FONTES**: ASSEMB. LEGISL. PE. Disponível em:
\<www.alepe.pe.gov.br/sistemas/perfil/parlamentares/AgamenonMagalhaes/03.html\>;
GASPAR, L. *Usina*; LEITE NETO, L. *Catálogo biográfico* (v.3,
p.1613/14); SENADO. Disponível em:
\<www.senado.gov.br/sf/senadores/senadores\_biografia.asp?codparl=1929&li=34&lcab=1927-1929&lf=34\>.
