**FONTES:** BESSE, S. *Restructuring*; CONS. NAC. DIREITOS MULHER. A
Mulher e a Constituinte; GAGLIARDI, J. *O indígena*; HAHNER, J.
*Mulher*;*Ilustração Brasileira* (v.12, n.2, jun. 1935). Uma
Precursora;*Jornal do Brasil* (26/9/1918, 3/10/1918). Carlos de Laet;
*Mulher*: opinião feminina organizada, maio/jun., 1935; TELLES, N.
*Medéia.*
