**FONTES:** ABRANCHES, J. Governos (v.2, p.103); Brasil no ar.
Disponível em: \<www.brasilnoar.com.br/BA/ba\_historia.asp\>. Acesso em:
18/4/2009; *Revista da Fundação Pedro Calmon* (n.6, p.123-126, 2001);
*Tarde* (21,22/11/1913). Acaba de falecer o conselheiro Virgilio
Damásio; *Diário da Bahia* (22/11/1913). Conselheiro Virgilio Damásio;
NUNES, A. Na Bahia; PRAZERES, O. *Bahia*; SAMPAIO, C. *Partidos*
(p.59-61); TAVARES, L. *História* (p.294-302).
