**FONTES:** Receita Federal/ Memória/Administração Fazendária/
Tesourarias da Fazenda.Disponível em:
\<www.receita.fazenda.gov.br/Memoria/administracao/reparticoes/1822a1970/tesou\_fazenda.asp\>;TRIB.
CONT. UNIÃO. Disponível em:
\<http://portal2.tcu.gov.br/portal/page/portal/TCU\>;TRIB. CONT. UNIÃO.
*Ministros do Tribunal.*
