**FONTES:** ABRANCHES, J. *Governos* (v.2, p.305); ABREU, A.
*Dicionário* (v.2, p.1.792); BULCÃO SOBRINHO, A. *Representantes*
(p.55-86); *Democrata* (1/4/1920). Dr. Antônio da Costa Pinto Dantas;
*Diário Oficial do Estado da Bahia*; *Cartas de ontem*; PANG, E.
*Engenho*; *Revista do Instituto Genealógico da Bahia* (n.15, 1967.
p.117); SAMPAIO, C. *Partidos* (p.77, 93-94); SANTOS, M. *Sinopse*
(p.153-158); VICTÓRIA, J. *Família* (p.17/54-57).
