**FONTES:** CASTELLANI, J. *Loja*; DIAS, E.*Bastilhas*; DIAS, E. Cartas
a Astrojildo Pereira, 1927b. Originais disponíveis no Archivio Storico
del Movimento Operaio Brasiliano (ASMOB), que está depositado no Centro
de Documentação e Memória da Universidade Estadual Paulista
(CEDEM-UNESP); DIAS, E. *Delenda*; DIAS, E. *História*; DIAS, E. *Jesus
Cristo*; DIAS, E. *Memórias*; DIAS, E. *Propósito* (p.73); HALL, M.;
PINHEIRO, P. *Grupo* (p.251-287); KAREPOVS, D. *Classe*; LEUENROTH, E.
*Dados*; Prontuário n. 136 do DOPS de São Paulo, referente a Everardo
Dias; RIDENTI, M. *Um livre* (p.17-52).
