**FONTES:***Diário de Pernambuco*; FUND. JOÃO NABUCO. *Diário de
Pernambuco.* Disponível em:
\<www.fundaj.gov.br/notitia/servlet/newstorm.ns.presentation.NavigationServlet?publicationCode=16&pageCode=301&textCode=2869&date=currentDate\>.
Acesso em: 17/12/2009; JAMBO, A. *Diário*; JAMBO, A. *Diário de
Pernambuco*; NASCIMENTO, L. *História.*
