**FONTES:** ABRANCHES, J. *Governos*; ARQ. PUBL. RIBEIRAO PRETO.
Disponível em:
\<www.arquivopublico.ribeiraopreto.sp.gov.br/scultura/arqpublico/historia/i14biografias.htm\>.
CLEPS JUNIOR, J. *Pontal*; FREITAS, J. *Empresário*; INST. BIOMA.
Disponível em: \<www.institutobioma.org.br/pdf/P\_12.pdf\>.MORONI, G.
*História*; PREF. RIBEIRÃO PRETO. Disponível em:
\<www.ribeiraopreto.sp.gov.br/principaln.php?pagina=/scultura/arqpublico/monumentos/i14m-55-antdiederichsen.php\>.
