**FONTES:**CÂM. DEP. *Deputados*; CÂM. DEP. *Deputados brasileiros*.
Repertório (1946-1967); CASCUDO, L. *História*; CISNEIROS, A.
*Parlamentares*; CORTÉS, C. *Homens*; Diário do Congresso Nacional;
*Grande encic. Delta*; MENESES, R. *Dicionário*; POPPINO, R. *Federal*;
Quem é quem no Brasil; SENADO. *Endereços*; SILVA, R. *Bacharéis*;
VAITSMAN, M. *Sangue*; WANDERLEY, N. *História*.
