**FONTES:** ASSEMB. LEGISL. RJ. *Anais* (1911-1914, 1923-1924); ASSEMB.
LEGISL. RJ. Disponível em:
\<www.alerj.rj.gov.br/memoria/historia/gov88975/manuel\_duarte.html\>.
Acesso em: 28/3/2011; BELOCH, I.; ABREU, A. *Dicionário*; COL. BRAS.
GENEALOGIA. Disponível em:
\<www.cbg.org.br/arquivos\_genealogicos\_r\_02.html\>. Acesso em:
28/3/2011; FERREIRA, M. *Busca*; LACOMBE, L. *Chefes*; LEITE NETO, L.
*Catálogo biográfico*.
