**FONTES:** ABRANCHES, J. *Governos*; AMARAL, A. *Dicionário*; CALIMAN,
A. *Legislativo*; LEITE NETO, L. *Catálogo biográfico* (v.1, p.131/2);
RIBEIRO, J. *Chronologia* Paulista; SAES, A. *Industrialização*;SENADO.
Disponível em:
\<www.senado.gov.br/senadores/senadores\_biografia.asp?codparl=1382\>.
Acesso em: 15/9/2011.
