**FONTES:** ANDRADA, A. *Bancos*; BARBOSA, R. *Finanças*; CALÓGERAS, J.
*Política*; CARVALHO, J. *Pontos*; CARVALHO, J. *Bestializados*;
CARVALHO, N. *Encilhamento*; FISHLOW, A. *Lições*; FRANCO, G.
*Economia*; FRANCO, G. *Década*; FRANCO, G. *Reforma*; GRAHAM, R.
*Britain*; KINDLEBERGER, C. *International*; KINDLEBERGER, C. *Manias*;
LEVY, M. *Encilhamento*; SCHULZ, J. *Crise*; TAUNAY, A. *Encilhamento*;
WILEMAN, J. *Brazilian*.
