**FONTES:** ABRANCHES, J. *Governos* (p.177); AITA, C., AXT, G.
*Parlamentares*; CÂM. DEP. *Deputados brasileiros*; FRANCO, S.
*Gaúchos*; POL. CIV. RS. A história da Polícia Civil gaúcha Disponível
em:
\<www.pc.rs.gov.br/upload/1293122838\_historia\_da\_policia\_civil.pdf\>;
TRIB. JUST. RS. Disponível em:
\<www.tjrs.jus.br/institu/memorial/RevistaJH/vol1n1n2/04.%20Sergio\_Franco.pdf\>;
TRINDADE, H.; NOLL, M*. Subsídios* (p.176). Disponível em:
\<www2.al.rs.gov.br/biblioteca/LinkClick.aspx?fileticket=vgfo5H4q-JM%3d&tabid=3101&language=pt-BR\>.
