**FONTES:**ENTREV. ANDRADE, M.; ENTREV. COSTA, C.; ENTREV. PEREIRA, T.;
*Estado de Minas* (12/3/1974, 2, 16/4/1977); *Imprensa* (43); Portal da
Propaganda. *O Estado de Minas completa 80 anos.* Disponível em:
\<www.portaldapropaganda.com.br/portal/propaganda/2310-estado-de-minas-completa-80-anos.html\>.
Acesso em: 17/12/2009; *Veja* (4/2/1998).
