**FONTES:** BASTOS, C. *Dicionário*; GONÇALVES, W. *Grande*; LEITE NETO,
L. *Catálogo* *biográfico* (v.3, p.581/2); REGO NETO, H. *Fatos*; REIS,
F. *Grupos*; SENADO. Disponível em:
\<www.senado.gov.br/sf/senadores/senadores\_biografia.asp?codparl=1918&li=31&lcab=1918-1920&lf=31\>.
Acesso em: 22/9/2008.
