**FONTES:** ABRANCHES, J. *Governos* (v.2, p.493-496); ABREU, A.
*Dicionário*; ALVES, F. *8* (p.135-150); CÂM. DEP. *Anais* (1915-1917,
1926); *História da Educação* (n.23, set./dez. 2007, p.241-260).
Documento enviado pelo Centro Republicano Conservador ao Congresso
Nacional; *Jornal do Comércio*, RJ (6/7/1926); LUCENA. L. *Breve*;
SENADO. *Anais* (1926); SEVCENKO, N. *Revolta*; TAMBARA, E.
*Apresentação* (p.227-240); VELHO SOBRINHO, J. *Dicionário* (p.255-256).
