**FONTES:** BALEEIRO, A. *Supremo*; COSTA, E. *Efemérides*; COSTA, E.
*Grandes*; *Encic. Mirador*; *Grande encic. Delta*; *Grande encic.
portuguesa*; GUIMARÃES, A. *Dic.*; LAGO, L. *Supremo*; MACEDO, R.
*Efemérides*; *Ofensiva*; *Personalidades*; RIBEIRO FILHO, J.
*Dicionário*; SILVA, H. *1931*; SILVA. H. *1937*; SILVA, H. *1945*;
SOUSA, J. *Índice*; SUP. TRIB. FED. *Supremo*; VELHO SOBRINHO, J.
*Dicionário*.
