**FONTES:** ABRANCHES, D. *Governos* (v.2); CALIMAN, A. *Legislativo*;
Estudo sobre. Disponível em:
\<www.estudosobre.com/C%C3%A2mara\_do\_Congresso\_Legislativo\_do\_Estado\_de\_S%C3%A3o\_Paulo\>.
*Correio Paulistano* (20/4/1932); FONSECA, A.; FONTES JUNIOR, A.
*Câmara*; LEME, L. *Genealogia* (v.7); VAMPRÉ, S. *Memória*s.
