**FONTES:** ACCÁCIO, L. *Formando*; ARRUDA, M. *Mitologia*; BARBOSA, W.
*História*; CÂM. DEP. *Deputados Brasileiros*; HORTA, C. *Famílias*
(p.111-142); Franklin Martins. *Manifesto dos Mineiros: uma virada na
luta contra Getúlio*. Disponível em:
\<www.franklinmartins.com.br/estacao\_historia\_artigo.php?titulo=manifesto-dos-mineiros-uma-virada-na-luta-contra-getulio-1943\>.
Acesso em: 10/10/2010; MONTEIRO, N. *Dicionário* (v.1, p.240); NOGUEIRA,
G. *Genealogias*; PAULILO, A. *Reforma*; VASCONCELOS, D. *História*.
