**FONTES:** AZZI, R. *Neocristandade*; BRUNNEAU, T. *Catolicismo*;
CPDOC. Disponível em: \<www.cpdoc.fgv.br\>. Acesso em: 6/6/2009;
FERNANDES, C. *Jackson*; IGLÉSIAS, F. *Estudo*; MAINWARING, S. *Igreja*;
MOURA, O. *O.S.B*; Netsaber. Disponível em: \<www.netsaber.com.br\>.
Acesso em: 6/6/2009; NOGUEIRA, H. *Jackson*; RODRIGUES, A.
*Igreja*;VILLAÇA, A. *Pensamento*.
