**FONTES:** ABRANCHES, J. *Governos* (v.2); AMARAL, B. *Elogio*
(p.126-129); BEVILAQUA, C. *História*; BLAKE, A. *Diccionario*; BULCÃO
SOBRINHO, A. *Representantes* (p.55-86); *Diário de Noticias*
(31/1-1/2/1010). Dr. Leovigildo Filgueiras; *Diário Oficial do Estado da
Bahia*; *Gazeta do Povo, Jornal de Noticias,* GIDI, A. *Anotações*
(p.38); PRAZERES, OTTO. *Bahia*; SAMPAIO, C. *Partidos*; SAMPAIO, C.
*Canudos*.
