**FONTES:** CARONE, E. *República Velha*; FRANCO, G. *Primeira*
(p.11-30); LEMOS, R. *Benjamin Constant*; MAGALHÃES JR., R. *Deodoro*
(v.2); Memória Globo. Disponível em:
\<http://memoriaglobo.globo.com/Memoriaglobo/0,27723,GYN0-5273-234287,00.html\>.
Acesso em: 20/11/2011; MIN. GUERRA. *Almanaque* (1891); NASCIMENTO, C.
*Questão* (p.7-22); Wikipédia. Disponível em:
\<http://pt.wikipedia.org/wiki/Deodoro\_da\_Fonseca\>. Acesso em:
19/11/2011.
