**FONTES:** ABREU, A. *Dicionário*; ABRANCHES, J. *Governos*; *Bahia
Ilustrada* (ano v, n.33, dez. 1920). Dr. Paulo Fontes; BEVILAQUA, C.
*História*; BULCÃO SOBRINHO, A. *Representantes* (55-86); DANTAS, J.
*Descendência*; *Diário Oficial do Estado da Bahia*; MELLO, A*.
Cartilha*;. SAMPAIO, C. *Canudos*; SAMPAIO, C. *Partidos*.
