**FONTES:** ARQ. PUB. PARANÁ. Disponível em:
\<www.arquivopublico.pr.gov.br/\>. Acesso em: 15/6/2010; FUND. BIBL.
NAC. Disponível em:
\<http://catalogos.bn.br/scripts/odwp032k.dll?t=bs&pr=cardcatalog\_pr&db=cardcatalog&use=pn&disp=list&sort=off&ss=NEW&arg=nicolas,|maria\>;
NICOLAS, M. *Cem anos* (p.358-359).
