**FONTES:** ABRANCHES, J. *Governos* (214, 215); *Diário de Notícias*
(23/5/1922, 29/10/1958). A exposição do centenário está sem sorte e Dr.
Joaquim Arthur Pedreira Franco; *Diário Oficial do Estado da Bahia.
Revista do Instituto Genealógico da Bahia* (ano XII. n.12, p.195-198);
SANTOS, M. *Sinopse*; *Tarde* (5/6/1916). O governo apoia e age.
