**FONTES:** BEVILAQUA, C. *História*; BOCANERA JUNIOR, S. *Telas*
(p.161-168); BULCÃO SOBRINHO, A. *Relembrando* (p.41-43); CÂM. DEP.
Disponível em: \<www.camara.gov.br\>. Acesso em: 20/2/2009; *Diário da
Bahia* (30/9/1902, p.2). Dr. Augusto França; GIDI. A. *Anotações*
(p.38); MATTOS, W. *Pinacoteca* (p.81); *Notas Diversas* (28/9/1900,
p.4). Dr. Augusto França; PREF. MUN. SALVADOR*.* Decreto-lei n^o^ 55 de
22 de dezembro de 1941; *Revista do Histórico e Geográfico Brasileiro,*
263 (1964): 64; SAMPAIO, C. *Partidos* (p.61).
