**FONTES:** ABRANCHES, J. *Governos*; ASSEMB. LEGISL. RJ. *Núcleo*.
Disponível em: \<www.alerj.rj.gov.br/memoria/historia\>; BLAKE, A.
*Diccionario*; CÂM. DEP. *Deputados brasileiros* (1826-1976); CÂM. DEP.
Disponível em: \<www2.camara.gov.br\>; *Grande encic. delta*; GRINBERG,
K. *Código*; LEITE NETO, L. *Catálogo biográfico*; NUNES, C. *Algun*s;
PASSOS, E. *Mesas*; REIS, J. *Rio de Janeiro*; SENADO. Disponível em:
\<www.senado.gov.br\>; *Senado*; SENADO. *Dados biográficos dos
senadores do Rio de Janeiro*; SOUSA, J. *Índice.*
