**FONTES:** ABRANCHES, J. *Governos*; *Bahia ilustrada* (n.2, ano II,
1918)*.* Dr. J. A. de Freitas; BEVILAQUA, C. *História*; BLAKE, A.
*Diccionario*; BULCÃO SOBRINHO, A. *Representantes* (p.55-86); *Diário
Oficial do Estado da Bahia*; GIDI, A. *Anotações* (p.38); MELLO, A*.
Cartilha*; OLIVEIRA, W. *José* (p.25-31); PRAZERES, O. *Bahia*; SAMPAIO,
C. *Partidos*; SANTOS, E. *J. J. Seabra*.
