FONTES: FONSECA, Antônio S., IGNÁCIO, Antonio Pereira, BRISOLLA, C.
Monteiro*. São Paulo*; GALVÃO, M. *Relação*; RIBEIRO, J. *Chronologia*;
ABRANCHES, D. *Governos*; AMARAL, A. *Dicionário*; VAMPRÉ, S.
*Memórias*; CALIMAN, A. *Legislativo*; RIBEIRO, A. *Poder*; RIBEIRO, A.
*Governos*; *Correio Paulistano*, *Acervo*.
