**FONTES:** ARQ. PUB. PARANÁ. Disponível em:
\<www.arquivopublico.pr.gov.br/\>. Acesso em: 14/10/2010; CASA CIVIL DO
PARANÁ. Disponível em: \<www.casacivil.pr.gov.br/\>. Acesso em:
14/10/2010; COL. BRAS. GENEALOGIA. Disponível em: \<www.cbg.org.br/\>.
Acesso em: 14/10/2010; Rede da Memória Virtual Brasileira. Disponível
em: \<http://bndigital.bn.br/redememoria/tesourariafazenda.html\>.
Acesso em: 14/10/2010; SUP. TRIB. MIL. Disponível em:
\<www.stm.jus.br/\>. Acesso em: 14/10/2010.
