**FONTES:** ABRANCHES, J. *Governos*; ARQ. PAULO DE FRONTIN; ATAYDE, R.
*Paulo*; CÂM. DEP. *Anais* (1919-1920); FREIRE, A. *Paulo*; LIMA, J.
*Figuras*; MARTINS, L. *Presença*; PINTO, S. *Elites*; REIS, J. *Rio de
Janeiro* (v.3); SANTOS, N. *Esboço*; SENADO. *Anais* (1917-1930);
VIEIRA, J. *Cadeia.*
