**FONTES:** ABRANCHES, J. *Governos* (v.I, p.53-54); ARRUDA. F.
*Genealogia*; BRASIL. *Decretos*; *Diário Oficial da União* (12/7/1935.
Seção I, p.15.193); COL. BRAS. GENEALOGIA. *Ministros de Estado dos
Presidentes da República: 1889-2006* Disponível em:
\<www.cbg.org.br/arquivos\_genealogicos\_m\_07.html\>. Acesso em:
14/5/2011; DONATO, H. *Dicionário*; LAGO, L. *Estado Maior* (p.28-29);
LAGO, L. *Generais* (v.3, p.277-282); LOPES, T.; TORRES, G. *Ministros*
(p.133-134); 5^o^ REG. CAV. MEC. *Ex-comandantes*. Disponível em:
\<www.5rcmec.eb.mil.br/ex\_comandantes.html\>. Acesso em: 15/5/2011.
