**FONTES:** CÂM. DEP. *Deputados brasileiros*; CONS. MUN. DF. *Anais*
(1913-1916); *Diário Oficial da União* (25/1/1899, 31/1/1899,
26/2/1909); Flaestatística. Disponível em: \<www.flaestatistica.com\>;
Flamengo virtual. Disponível em:
\<http://flamengovirtual.wordpress.com\>; *Rev. inst. hist. geog.
bras.*. (1972, v.294-295).
