**FONTES:** ASSEMB. LEGISL. BA. *Anais da Câmara dos senhores*
(p.98-98); BLAKE. A. *Dicionário*; CÂM. DEP. Disponível em:
\<www.camara.gov.br\>. Acesso em: 20/2/2009; *Revista do Instituto
Histórico e Geográfico Brasileiro (1964)*; SAMPAIO, C. *Partidos*
(p.61); Wikipédia. Disponível em:
\<http://pt.wikepedia.org/wiki/Companhia\_Ytuana\_de”
wikepedia.org/wiki/Companhia\_Ytuana\_de \_Estadas\_de \_Ferro\>. Acesso
em: 10/2/2009.
