**FONTES:** BANCO DO BRASIL. *Relatório* (1961, 1962, 1963); BANDEIRA,
L. *Governo*; *Encic. Mirador*; FONTENLA, V.*História*; *Grande encic.
Delta*; *Jornal do* *Brasil* (20/7/1979, 8/9/1990); MIN. FAZ.
*Ministros*; *Ministros da Justiça*; MONTEIRO, F. *Banco*; MONTEIRO, F.
*Discurso*; *Movimento de 5*;MUSEU DO BANCO DO BRASIL; SKIDMORE, T.
*Brasil*; VÍTOR, M. *Cinco*.
