**FONTES:** ARQ. PUB. PARANÁ. Disponível em:
\<www.arquivopublico.pr.gov.br/\>. Acesso em: 3/6/2010; BIB. NAC.
Disponível em:
\<http://catalogos.bn.br/scripts/odwp032k.dll?t=bs&pr=cardcatalog\_pr&db=cardcatalog&use=pn&disp=list&sort=off&ss=NEW&arg=nicolas,|maria\>;
CAM. DEP. *Deputados brasileiros* (p.129); NICOLAS, M. *Cem anos*
(p.27-28); PREF. MUN. CURITIBA. Disponível em:
\<www.curitiba.pr.gov.br/\>. Acesso em: 3/6/2010.
