**FONTES:** ABREU, A. *Dicionário* (v.1, p.328); ASSEMB. LEGISL. BA.
*Memória* (p.33, 111, 113-114; 116-117 e 120); BEVILAQUA, C. *História*;
BULCÃO SOBRINHO, A. *Representantes* (p.55-86); *Cartas de ontem*;
*Diário de notícias* (11/5/1907). Dr. Félix Gaspar; Diário do Congresso
Nacional (Seção de 11/5/1927, p.61); MELLO, A. *Cartilha*; PRES. REP.
*Governos* (p.40); SAMPAIO, L. *De Sam* (p.280-281, 288-291); *Tarde*
(16/8/1994. Em Santo Antônio de Jesus.
