**FONTES:** ARAÚJO, A. *Chefes*; ARQ. PUBL. EST. SE; CAFÉ FILHO, J. *Do
sindicato*; CORTÉS, C. *Homens*; *Cronologia da Assembleia*; D’ARAÚJO,
M. *Cronologia* 1943; DANTAS, J. *Tenentismo*; Diário do Congresso
Nacional; *Encic. Mirador*; *Jornal do Brasil* (8/6/32); LAGO, L.
*Relação*; PEIXOTO, A. *Getúlio*; Quem é quem no Brasil; SENADO.
*Relação*; SILVA, H. *1935*; SILVA, H. *1937*; SOUSA, J. *Índice*;
WYNNE, J. *História*.
