**FONTES:** Ache tudo e região. *História de Goiânia*.
\<www.achetudoeregiao.com.br/GO/goiania/historia.htm\>; ARQ. OSVALDO
ARANHA; *Boletim Min. Trab.* (5/1936); CÂM. DEP. *Deputados*; CAMPOS, F.
*Mudança*; Diário do Congresso Nacional; INST. HAHNEMANNIANO. Disponível
em: \<www.ihb.org.br/BR/docs/revista/v.5.n.1e2-1999/pdf/p.102-109.pdf –
*305\>*;SENADO. Disponível em:
\<www.senado.gov.br/sf/atividade/pronunciamento/Detalhes.asp?d=366285\>.
Acesso em 21/3/2007; SILVA, H. *1935*.
