**FONTES:** ASSEMB. LEGISL. ES. *Anais* (1920, 1921, 1923);
*Cachoeirano* (12/1919 - 5/1920); CÂM. DEP. *Intervenção*; C*aso do
Espírito Santo*; *Gazeta* (mar. 1941). Nestor Gomes; DERENZI. L.
*Biografia*;*Estado* (1921-1922); GOMES, N. *Mensagem apresentada ao
Congresso Legislativo* *(31*/10/1921,7/9/1922, 7/9/1922, 3/5/1923);
*Jornal do Comércio* (1/5/1920; 26 - 29/5/1920); REZENDE, S. *Memórias.*
