**FONTES:** ARQ. PUB. PARANÁ. Disponível em:
\<www.arquivopublico.pr.gov.br/\>. Acesso em: 10/10/2010; Biblioteca
Digital de Literatura. Disponível em:
\<www.literaturabrasileira.ufsc.br/\>. Acesso em: 10/10/2010; CASA CIVIL
DO PARANÁ. Disponível em: \<www.casacivil.pr.gov.br/\>. Acesso em:
10/10/2010; SOUZA, S. *Cantando*.
