**FONTES:** ARAGÃO, A. *Bahia* (p.63-68); ARQ. PUB. BA. Certidão do
termo de óbito do Dr. José Gonçalves da Silva; BULCÃO SOBRINHO, A.
*Relembrando* (p.36-39); CARVALHO JÚNIOR, A. *Governadores*; *Diário da
Bahia* (17/8/1911). Dr. José Gonçalves da Silva; *Diário de Notícias,
Diário Oficial do Estado da Bahia*; *Governadores do Estado da Bahia*
(n.2, p.152-153); *Jornal de Notícias* (16/8/1911); *Organização e
programas* (p.347-350);*Revista do Brasil.* Uma página de luto, Dr. José
Gonçalves; SAMPAIO, C. *Canudos* (p.253-254); SAMPAIO, C. *Partidos*
(p.28/30-59/112).
