**FONTES:** BELLO, J. *História*; CASALECCHI, J. *Partido*; DEBES, C.
*Partido*; FRANCO, A. *Rodrigues*; FREITAS, L. *Senador*; Fundo Adolpho
Gordo – Área de Arquivos Históricos do Centro de Memória da Unicamp,
CMU. Grupos: 1. Vida pessoal; 2. Vida política; 3. Vida profissional;
LANG, A. *Adolpho*; LANG, A. *Propaganda*; LOVE, J. *Locomotiva*; SILVA,
H. *1889*; SAMPAIO, J. *Adolfo*.
