**FONTES:**AMORIM, D. *Braz*; ARQ.PUBL. BAHIA*.* Seção Judiciária,
8/3254/7. Testamentode Braz do Amaral; BULCÃO SOBRINHO,
A.*Representantes*; CASTRO, R. *Fundadores*; DANTASJUNIOR, J. *Braz*;
*Diário de Notícias* (4/2/1949). Osfunerais do Prof. Braz do Amaral;
*Tarde* (30/11/1963). As eleições na Academia deLetras; *Tarde*
(3/2/1949). O falecimento do Prof.Braz do Amaral; *Tarde* (3/2/1949).
Novas eleiçõespara a Academia de Letras, para avaga do Prof. Braz do
Amaral.
