**FONTES:** ARQ. PUB. BA. Seção Judiciária. Inventário de ARAÚJO, Flávio
Guedes de (01/332/634/02); *Cartas de Ontem*; Bahia (2/4/1897) Câmara
dos Deputados – Seção de ontem; BULCÃO SOBRINHO, A. *Representantes*
(p.55-86); BULCÃO SOBRINHO, A. *Relembrando*; BULCÃO SOBRINHO, A.
*Histórico*; *Diário Oficial do Estado da Bahia* (p.360, 444-448,
488-489); FRANCO, P. *Reminiscências*;GIDI, A. *Anotações* (p.38);
NOGUEIRA, O.; FIRMO, J. *Parlamentares* (p.533); SAMPAIO, C. *Canudos*
(p.106/107); SAMPAIO, C. *Partidos* (p.61-62).
