**FONTES:** ABRANCHES, J. *Governos*; ARQ. PUB. PORTO ALEGRE. Registro
de casamento da Igreja das Dores (livro 2, p.88); CASTRO, C*.
Militares*; POL. CIV. RS. *A história da polícia gaúcha.* Disponível em:
\<www.pc.rs.gov.br/upload/1293122838\_historia\_da\_policia\_civil.pdf\>.
Acesso em: 15/8/2011.
