**FONTES:** ASSEMB. LEGISL. BA; *Bahia, Diário de Noticias, Correio da
Tarde* (30/6, 1/7/1903). Dr. Adalberto Guimarães; CÂM. DEP. *Deputados
Brasileiros*; CÂM. MUN. VALENÇA. Disponível em:
\<www.cmvalenca.ba.gov/memorial\_personalidades\_conteudo.asp\>. Acesso
em: 28/8/2009; *Diário Oficial do Estado da Bahia*; MONTEIRO, R.
*Baianos* (v.13, p.56-61); *Revista do Instituto Geográfico e Histórico
da Bahia* (1906, p.56-61).
