**FONTES:** ABRANCHES, J. *Governos*; AMARAL, B. *Elogio* (p.97-104);
*Bahia* (23,24/4/1909). Dr. Paula Guimarães; BULCÃO SOBRINHO, A.
*Representantes* (p.55-86); *Diário da Bahia* (24,25/4/1909). General
Dr. Francisco de Paula O. Guimarães; *Gazeta do Povo* (23, 24/4/1909).
General Dr. Paula Guimarães; *Jornal de Notícias* (11/1/1907). De
viagem, Dr. Paula Guimarães e General Dr. Paula Guimarães; PRAZERES, O.
*Bahia*; RUI, A. *História*.
